     LAT,       LON,     ALTITUDE,    DATE,    HR, VCR(GV), PARTICLE,  DOSE RATE,     SIGMA,        UNIT,      QUANTITY 
  56.00000, -16.00000, 65617.0000,F,2014/01/00,   0,  1.61,TOTAL     , 1.7332E+01, 9.8468E-01,    microSv/hr, ICRP Pub. 103 EFFECTIVE DOSE 
 COMMENT OR IMPROPER FORMAT FOR DATA AT LINE:            3 IN PLACES.DAT
                                                             
  56.00000,  -8.00000, 65617.0000,F,2014/01/00,   0,  1.76,TOTAL     , 1.7052E+01, 9.7602E-01,    microSv/hr, ICRP Pub. 103 EFFECTIVE DOSE 
  56.00000,   0.00000, 65617.0000,F,2014/01/00,   0,  1.88,TOTAL     , 1.6800E+01, 9.6696E-01,    microSv/hr, ICRP Pub. 103 EFFECTIVE DOSE 
  56.00000,   8.00000, 65617.0000,F,2014/01/00,   0,  1.95,TOTAL     , 1.6640E+01, 9.6395E-01,    microSv/hr, ICRP Pub. 103 EFFECTIVE DOSE 
  56.00000,  16.00000, 65617.0000,F,2014/01/00,   0,  2.01,TOTAL     , 1.6491E+01, 9.5717E-01,    microSv/hr, ICRP Pub. 103 EFFECTIVE DOSE 
 COMMENT OR IMPROPER FORMAT FOR DATA AT LINE:            8 IN PLACES.DAT
                                                             
  56.00000,  24.00000, 65617.0000,F,2014/01/00,   0,  2.06,TOTAL     , 1.6366E+01, 9.5270E-01,    microSv/hr, ICRP Pub. 103 EFFECTIVE DOSE 
 COMMENT OR IMPROPER FORMAT FOR DATA AT LINE:           10 IN PLACES.DAT
                                                             
  56.00000,  32.00000, 65617.0000,F,2014/01/00,   0,  2.08,TOTAL     , 1.6316E+01, 9.5148E-01,    microSv/hr, ICRP Pub. 103 EFFECTIVE DOSE 
 COMMENT OR IMPROPER FORMAT FOR DATA AT LINE:           12 IN PLACES.DAT
                                                             
  56.00000,  40.00000, 65617.0000,F,2014/01/00,   0,  2.10,TOTAL     , 1.6261E+01, 9.4954E-01,    microSv/hr, ICRP Pub. 103 EFFECTIVE DOSE 
 COMMENT OR IMPROPER FORMAT FOR DATA AT LINE:           14 IN PLACES.DAT
                                                             
  56.00000,  48.00000, 65617.0000,F,2014/01/00,   0,  2.12,TOTAL     , 1.6202E+01, 9.4743E-01,    microSv/hr, ICRP Pub. 103 EFFECTIVE DOSE 
 COMMENT OR IMPROPER FORMAT FOR DATA AT LINE:           16 IN PLACES.DAT
                                                             
  56.00000,  56.00000, 65617.0000,F,2014/01/00,   0,  2.15,TOTAL     , 1.6114E+01, 9.4504E-01,    microSv/hr, ICRP Pub. 103 EFFECTIVE DOSE 
 COMMENT OR IMPROPER FORMAT FOR DATA AT LINE:           18 IN PLACES.DAT
                                                             
  56.00000,  64.00000, 65617.0000,F,2014/01/00,   0,  2.17,TOTAL     , 1.6056E+01, 9.4304E-01,    microSv/hr, ICRP Pub. 103 EFFECTIVE DOSE 
 COMMENT OR IMPROPER FORMAT FOR DATA AT LINE:           20 IN PLACES.DAT
                                                             
  56.00000,  72.00000, 65617.0000,F,2014/01/00,   0,  2.21,TOTAL     , 1.5940E+01, 9.3673E-01,    microSv/hr, ICRP Pub. 103 EFFECTIVE DOSE 
 COMMENT OR IMPROPER FORMAT FOR DATA AT LINE:           22 IN PLACES.DAT
                                                             
  56.00000,  80.00000, 65617.0000,F,2014/01/00,   0,  2.25,TOTAL     , 1.5823E+01, 9.3207E-01,    microSv/hr, ICRP Pub. 103 EFFECTIVE DOSE 
 COMMENT OR IMPROPER FORMAT FOR DATA AT LINE:           24 IN PLACES.DAT
                                                             
  56.00000,  88.00000, 65617.0000,F,2014/01/00,   0,  2.28,TOTAL     , 1.5790E+01, 9.2903E-01,    microSv/hr, ICRP Pub. 103 EFFECTIVE DOSE 
 COMMENT OR IMPROPER FORMAT FOR DATA AT LINE:           26 IN PLACES.DAT
                                                             
  56.00000,  96.00000, 65617.0000,F,2014/01/00,   0,  2.34,TOTAL     , 1.5564E+01, 9.2178E-01,    microSv/hr, ICRP Pub. 103 EFFECTIVE DOSE 
 COMMENT OR IMPROPER FORMAT FOR DATA AT LINE:           28 IN PLACES.DAT
                                                             
  56.00000, 104.00000, 65617.0000,F,2014/01/00,   0,  2.39,TOTAL     , 1.5419E+01, 9.1861E-01,    microSv/hr, ICRP Pub. 103 EFFECTIVE DOSE 
 COMMENT OR IMPROPER FORMAT FOR DATA AT LINE:           30 IN PLACES.DAT
 0                                                           
  56.00000, 112.00000, 65617.0000,F,2014/01/00,   0,  2.48,TOTAL     , 1.5161E+01, 9.0556E-01,    microSv/hr, ICRP Pub. 103 EFFECTIVE DOSE 
 COMMENT OR IMPROPER FORMAT FOR DATA AT LINE:           32 IN PLACES.DAT
 0                                                           
  56.00000, 120.00000, 65617.0000,F,2014/01/00,   0,  2.59,TOTAL     , 1.4848E+01, 8.9040E-01,    microSv/hr, ICRP Pub. 103 EFFECTIVE DOSE 
 COMMENT OR IMPROPER FORMAT FOR DATA AT LINE:           34 IN PLACES.DAT
 0                                                           
  56.00000, 128.00000, 65617.0000,F,2014/01/00,   0,  2.69,TOTAL     , 1.4563E+01, 8.8093E-01,    microSv/hr, ICRP Pub. 103 EFFECTIVE DOSE 
 COMMENT OR IMPROPER FORMAT FOR DATA AT LINE:           36 IN PLACES.DAT
 0                                                           
  56.00000, 136.00000, 65617.0000,F,2014/01/00,   0,  2.78,TOTAL     , 1.4313E+01, 8.6398E-01,    microSv/hr, ICRP Pub. 103 EFFECTIVE DOSE 
 COMMENT OR IMPROPER FORMAT FOR DATA AT LINE:           38 IN PLACES.DAT
 0                                                           
  56.00000, 144.00000, 65617.0000,F,2014/01/00,   0,  2.83,TOTAL     , 1.4174E+01, 8.5705E-01,    microSv/hr, ICRP Pub. 103 EFFECTIVE DOSE 
 COMMENT OR IMPROPER FORMAT FOR DATA AT LINE:           40 IN PLACES.DAT
 0                                                           
  56.00000, 152.00000, 65617.0000,F,2014/01/00,   0,  2.85,TOTAL     , 1.4118E+01, 8.5493E-01,    microSv/hr, ICRP Pub. 103 EFFECTIVE DOSE 
 COMMENT OR IMPROPER FORMAT FOR DATA AT LINE:           42 IN PLACES.DAT
 0                                                           
  56.00000, 160.00000, 65617.0000,F,2014/01/00,   0,  2.79,TOTAL     , 1.4285E+01, 8.6241E-01,    microSv/hr, ICRP Pub. 103 EFFECTIVE DOSE 
 COMMENT OR IMPROPER FORMAT FOR DATA AT LINE:           44 IN PLACES.DAT
 0                                                           
  56.00000, 168.00000, 65617.0000,F,2014/01/00,   0,  2.70,TOTAL     , 1.4534E+01, 8.7947E-01,    microSv/hr, ICRP Pub. 103 EFFECTIVE DOSE 
 COMMENT OR IMPROPER FORMAT FOR DATA AT LINE:           46 IN PLACES.DAT
 0                                                           
  56.00000, 176.00000, 65617.0000,F,2014/01/00,   0,  2.52,TOTAL     , 1.5048E+01, 8.9870E-01,    microSv/hr, ICRP Pub. 103 EFFECTIVE DOSE 
 COMMENT OR IMPROPER FORMAT FOR DATA AT LINE:           48 IN PLACES.DAT
 0                                                           
  60.00000,-176.00000, 65617.0000,F,2014/01/00,   0,  1.54,TOTAL     , 1.7465E+01, 9.8715E-01,    microSv/hr, ICRP Pub. 103 EFFECTIVE DOSE 
 COMMENT OR IMPROPER FORMAT FOR DATA AT LINE:           50 IN PLACES.DAT
 0                                                           
  60.00000,-168.00000, 65617.0000,F,2014/01/00,   0,  1.38,TOTAL     , 1.7760E+01, 9.9636E-01,    microSv/hr, ICRP Pub. 103 EFFECTIVE DOSE 
 COMMENT OR IMPROPER FORMAT FOR DATA AT LINE:           52 IN PLACES.DAT
 0                                                           
  60.00000,-160.00000, 65617.0000,F,2014/01/00,   0,  1.19,TOTAL     , 1.8066E+01, 1.0037E+00,    microSv/hr, ICRP Pub. 103 EFFECTIVE DOSE 
 COMMENT OR IMPROPER FORMAT FOR DATA AT LINE:           54 IN PLACES.DAT
 0                                                           
  60.00000,-152.00000, 65617.0000,F,2014/01/00,   0,  1.01,TOTAL     , 1.8285E+01, 1.0074E+00,    microSv/hr, ICRP Pub. 103 EFFECTIVE DOSE 
 COMMENT OR IMPROPER FORMAT FOR DATA AT LINE:           56 IN PLACES.DAT
 0                                                           
  60.00000,-144.00000, 65617.0000,F,2014/01/00,   0,  0.84,TOTAL     , 1.8397E+01, 1.0083E+00,    microSv/hr, ICRP Pub. 103 EFFECTIVE DOSE 
 COMMENT OR IMPROPER FORMAT FOR DATA AT LINE:           58 IN PLACES.DAT
 0                                                           
  60.00000,-136.00000, 65617.0000,F,2014/01/00,   0,  0.67,TOTAL     , 1.8427E+01, 1.0084E+00,    microSv/hr, ICRP Pub. 103 EFFECTIVE DOSE 
 COMMENT OR IMPROPER FORMAT FOR DATA AT LINE:           60 IN PLACES.DAT
 0                                                           
  60.00000,-128.00000, 65617.0000,F,2014/01/00,   0,  0.53,TOTAL     , 1.8430E+01, 1.0084E+00,    microSv/hr, ICRP Pub. 103 EFFECTIVE DOSE 
 COMMENT OR IMPROPER FORMAT FOR DATA AT LINE:           62 IN PLACES.DAT
 0                                                           
  60.00000,-120.00000, 65617.0000,F,2014/01/00,   0,  0.41,TOTAL     , 1.8430E+01, 1.0084E+00,    microSv/hr, ICRP Pub. 103 EFFECTIVE DOSE 
 COMMENT OR IMPROPER FORMAT FOR DATA AT LINE:           64 IN PLACES.DAT
 0                                                           
  60.00000,-112.00000, 65617.0000,F,2014/01/00,   0,  0.30,TOTAL     , 1.8430E+01, 1.0084E+00,    microSv/hr, ICRP Pub. 103 EFFECTIVE DOSE 
 COMMENT OR IMPROPER FORMAT FOR DATA AT LINE:           66 IN PLACES.DAT
 0                                                           
  60.00000,-104.00000, 65617.0000,F,2014/01/00,   0,  0.24,TOTAL     , 1.8430E+01, 1.0084E+00,    microSv/hr, ICRP Pub. 103 EFFECTIVE DOSE 
 COMMENT OR IMPROPER FORMAT FOR DATA AT LINE:           68 IN PLACES.DAT
 0                                                           
  60.00000, -96.00000, 65617.0000,F,2014/01/00,   0,  0.19,TOTAL     , 1.8430E+01, 1.0084E+00,    microSv/hr, ICRP Pub. 103 EFFECTIVE DOSE 
 COMMENT OR IMPROPER FORMAT FOR DATA AT LINE:           70 IN PLACES.DAT
                                                             
  60.00000, -88.00000, 65617.0000,F,2014/01/00,   0,  0.17,TOTAL     , 1.8430E+01, 1.0084E+00,    microSv/hr, ICRP Pub. 103 EFFECTIVE DOSE 
 COMMENT OR IMPROPER FORMAT FOR DATA AT LINE:           72 IN PLACES.DAT
                                                             
  60.00000, -80.00000, 65617.0000,F,2014/01/00,   0,  0.18,TOTAL     , 1.8430E+01, 1.0084E+00,    microSv/hr, ICRP Pub. 103 EFFECTIVE DOSE 
 COMMENT OR IMPROPER FORMAT FOR DATA AT LINE:           74 IN PLACES.DAT
                                                             
  60.00000, -72.00000, 65617.0000,F,2014/01/00,   0,  0.21,TOTAL     , 1.8430E+01, 1.0084E+00,    microSv/hr, ICRP Pub. 103 EFFECTIVE DOSE 
 COMMENT OR IMPROPER FORMAT FOR DATA AT LINE:           76 IN PLACES.DAT
                                                             
  60.00000, -64.00000, 65617.0000,F,2014/01/00,   0,  0.27,TOTAL     , 1.8430E+01, 1.0084E+00,    microSv/hr, ICRP Pub. 103 EFFECTIVE DOSE 
 COMMENT OR IMPROPER FORMAT FOR DATA AT LINE:           78 IN PLACES.DAT
                                                             
  60.00000, -56.00000, 65617.0000,F,2014/01/00,   0,  0.37,TOTAL     , 1.8430E+01, 1.0084E+00,    microSv/hr, ICRP Pub. 103 EFFECTIVE DOSE 
 COMMENT OR IMPROPER FORMAT FOR DATA AT LINE:           80 IN PLACES.DAT
                                                             
  60.00000, -48.00000, 65617.0000,F,2014/01/00,   0,  0.47,TOTAL     , 1.8430E+01, 1.0084E+00,    microSv/hr, ICRP Pub. 103 EFFECTIVE DOSE 
 COMMENT OR IMPROPER FORMAT FOR DATA AT LINE:           82 IN PLACES.DAT
                                                             
  60.00000, -40.00000, 65617.0000,F,2014/01/00,   0,  0.60,TOTAL     , 1.8429E+01, 1.0084E+00,    microSv/hr, ICRP Pub. 103 EFFECTIVE DOSE 
 COMMENT OR IMPROPER FORMAT FOR DATA AT LINE:           84 IN PLACES.DAT
                                                             
  60.00000, -32.00000, 65617.0000,F,2014/01/00,   0,  0.73,TOTAL     , 1.8422E+01, 1.0083E+00,    microSv/hr, ICRP Pub. 103 EFFECTIVE DOSE 
 COMMENT OR IMPROPER FORMAT FOR DATA AT LINE:           86 IN PLACES.DAT
                                                             
  60.00000, -24.00000, 65617.0000,F,2014/01/00,   0,  0.85,TOTAL     , 1.8393E+01, 1.0083E+00,    microSv/hr, ICRP Pub. 103 EFFECTIVE DOSE 
 COMMENT OR IMPROPER FORMAT FOR DATA AT LINE:           88 IN PLACES.DAT
                                                             
  60.00000, -16.00000, 65617.0000,F,2014/01/00,   0,  0.98,TOTAL     , 1.8312E+01, 1.0077E+00,    microSv/hr, ICRP Pub. 103 EFFECTIVE DOSE 
 COMMENT OR IMPROPER FORMAT FOR DATA AT LINE:           90 IN PLACES.DAT
                                                             
