 Reading airport data
 Checking for user entered airports
 OS is LIN
 Loading Forbush data
 Loading WOLF sunspot number data
 Loading CARI-6 heliocentric potential data
  Analyzing data line:            2
  Analyzing data line:            3
  Analyzing data line:            4
  Analyzing data line:            5
  Analyzing data line:            6
  Analyzing data line:            7
  Analyzing data line:            8
  Analyzing data line:            9
  Analyzing data line:           10
  Analyzing data line:           11
  Analyzing data line:           12
  Analyzing data line:           13
  Analyzing data line:           14
  Analyzing data line:           15
  Analyzing data line:           16
  Analyzing data line:           17
  Analyzing data line:           18
  Analyzing data line:           19
  Analyzing data line:           20
  Analyzing data line:           21
  Analyzing data line:           22
  Analyzing data line:           23
  Analyzing data line:           24
  Analyzing data line:           25
  Analyzing data line:           26
  Analyzing data line:           27
  Analyzing data line:           28
  Analyzing data line:           29
  Analyzing data line:           30
  Analyzing data line:           31
  Analyzing data line:           32
  Analyzing data line:           33
  Analyzing data line:           34
  Analyzing data line:           35
  Analyzing data line:           36
  Analyzing data line:           37
  Analyzing data line:           38
  Analyzing data line:           39
  Analyzing data line:           40
  Analyzing data line:           41
  Analyzing data line:           42
  Analyzing data line:           43
  Analyzing data line:           44
  Analyzing data line:           45
  Analyzing data line:           46
  Analyzing data line:           47
  Analyzing data line:           48
  Analyzing data line:           49
  Analyzing data line:           50
  Analyzing data line:           51
  Analyzing data line:           52
  Analyzing data line:           53
  Analyzing data line:           54
  Analyzing data line:           55
  Analyzing data line:           56
  Analyzing data line:           57
  Analyzing data line:           58
  Analyzing data line:           59
