 Reading airport data
 Checking for user entered airports
 OS is LIN
 Loading Forbush data
 Loading WOLF sunspot number data
 Loading CARI-6 heliocentric potential data
  Analyzing data line:            2
  Analyzing data line:            3
  Analyzing data line:            4
  Analyzing data line:            5
  Analyzing data line:            6
  Analyzing data line:            7
  Analyzing data line:            8
  Analyzing data line:            9
  Analyzing data line:           10
  Analyzing data line:           11
  Analyzing data line:           12
  Analyzing data line:           13
  Analyzing data line:           14
  Analyzing data line:           15
  Analyzing data line:           16
  Analyzing data line:           17
  Analyzing data line:           18
  Analyzing data line:           19
  Analyzing data line:           20
  Analyzing data line:           21
  Analyzing data line:           22
  Analyzing data line:           23
  Analyzing data line:           24
