 Reading airport data
 Checking for user entered airports
 OS is LIN
 Loading Forbush data
 Loading WOLF sunspot number data
 Loading CARI-6 heliocentric potential data
  Analyzing data line:            2
  Analyzing data line:            3
  Analyzing data line:            4
  Analyzing data line:            5
  Analyzing data line:            6
  Analyzing data line:            7
  Analyzing data line:            8
  Analyzing data line:            9
  Analyzing data line:           10
  Analyzing data line:           11
  Analyzing data line:           12
  Analyzing data line:           13
  Analyzing data line:           14
  Analyzing data line:           15
  Analyzing data line:           16
  Analyzing data line:           17
  Analyzing data line:           18
  Analyzing data line:           19
  Analyzing data line:           20
  Analyzing data line:           21
  Analyzing data line:           22
  Analyzing data line:           23
  Analyzing data line:           24
  Analyzing data line:           25
  Analyzing data line:           26
  Analyzing data line:           27
  Analyzing data line:           28
  Analyzing data line:           29
  Analyzing data line:           30
  Analyzing data line:           31
  Analyzing data line:           32
  Analyzing data line:           33
  Analyzing data line:           34
  Analyzing data line:           35
  Analyzing data line:           36
  Analyzing data line:           37
  Analyzing data line:           38
  Analyzing data line:           39
  Analyzing data line:           40
  Analyzing data line:           41
  Analyzing data line:           42
  Analyzing data line:           43
  Analyzing data line:           44
  Analyzing data line:           45
  Analyzing data line:           46
  Analyzing data line:           47
  Analyzing data line:           48
  Analyzing data line:           49
  Analyzing data line:           50
  Analyzing data line:           51
  Analyzing data line:           52
  Analyzing data line:           53
  Analyzing data line:           54
  Analyzing data line:           55
  Analyzing data line:           56
  Analyzing data line:           57
  Analyzing data line:           58
  Analyzing data line:           59
  Analyzing data line:           60
  Analyzing data line:           61
  Analyzing data line:           62
  Analyzing data line:           63
  Analyzing data line:           64
  Analyzing data line:           65
  Analyzing data line:           66
  Analyzing data line:           67
  Analyzing data line:           68
  Analyzing data line:           69
  Analyzing data line:           70
  Analyzing data line:           71
  Analyzing data line:           72
  Analyzing data line:           73
  Analyzing data line:           74
  Analyzing data line:           75
  Analyzing data line:           76
  Analyzing data line:           77
  Analyzing data line:           78
  Analyzing data line:           79
  Analyzing data line:           80
  Analyzing data line:           81
  Analyzing data line:           82
  Analyzing data line:           83
  Analyzing data line:           84
  Analyzing data line:           85
  Analyzing data line:           86
  Analyzing data line:           87
  Analyzing data line:           88
  Analyzing data line:           89
  Analyzing data line:           90
  Analyzing data line:           91
  Analyzing data line:           92
  Analyzing data line:           93
  Analyzing data line:           94
  Analyzing data line:           95
  Analyzing data line:           96
  Analyzing data line:           97
  Analyzing data line:           98
  Analyzing data line:           99
  Analyzing data line:          100
  Analyzing data line:          101
  Analyzing data line:          102
  Analyzing data line:          103
  Analyzing data line:          104
  Analyzing data line:          105
  Analyzing data line:          106
  Analyzing data line:          107
  Analyzing data line:          108
  Analyzing data line:          109
  Analyzing data line:          110
  Analyzing data line:          111
  Analyzing data line:          112
  Analyzing data line:          113
  Analyzing data line:          114
  Analyzing data line:          115
  Analyzing data line:          116
  Analyzing data line:          117
  Analyzing data line:          118
  Analyzing data line:          119
  Analyzing data line:          120
  Analyzing data line:          121
  Analyzing data line:          122
  Analyzing data line:          123
  Analyzing data line:          124
  Analyzing data line:          125
  Analyzing data line:          126
  Analyzing data line:          127
  Analyzing data line:          128
  Analyzing data line:          129
  Analyzing data line:          130
  Analyzing data line:          131
  Analyzing data line:          132
  Analyzing data line:          133
  Analyzing data line:          134
  Analyzing data line:          135
  Analyzing data line:          136
  Analyzing data line:          137
  Analyzing data line:          138
  Analyzing data line:          139
  Analyzing data line:          140
  Analyzing data line:          141
  Analyzing data line:          142
  Analyzing data line:          143
  Analyzing data line:          144
  Analyzing data line:          145
  Analyzing data line:          146
  Analyzing data line:          147
  Analyzing data line:          148
  Analyzing data line:          149
  Analyzing data line:          150
  Analyzing data line:          151
  Analyzing data line:          152
  Analyzing data line:          153
  Analyzing data line:          154
  Analyzing data line:          155
  Analyzing data line:          156
  Analyzing data line:          157
  Analyzing data line:          158
  Analyzing data line:          159
  Analyzing data line:          160
  Analyzing data line:          161
  Analyzing data line:          162
  Analyzing data line:          163
  Analyzing data line:          164
  Analyzing data line:          165
  Analyzing data line:          166
  Analyzing data line:          167
  Analyzing data line:          168
  Analyzing data line:          169
  Analyzing data line:          170
  Analyzing data line:          171
  Analyzing data line:          172
  Analyzing data line:          173
  Analyzing data line:          174
  Analyzing data line:          175
  Analyzing data line:          176
  Analyzing data line:          177
  Analyzing data line:          178
  Analyzing data line:          179
  Analyzing data line:          180
  Analyzing data line:          181
  Analyzing data line:          182
  Analyzing data line:          183
  Analyzing data line:          184
