 Reading airport data
 Checking for user entered airports
 OS is LIN
 Loading Forbush data
 Loading WOLF sunspot number data
 Loading CARI-6 heliocentric potential data
  Analyzing data line:            2
  Analyzing data line:            3
  Analyzing data line:            4
  Analyzing data line:            5
  Analyzing data line:            6
  Analyzing data line:            7
  Analyzing data line:            8
  Analyzing data line:            9
  Analyzing data line:           10
  Analyzing data line:           11
  Analyzing data line:           12
  Analyzing data line:           13
  Analyzing data line:           14
  Analyzing data line:           15
  Analyzing data line:           16
  Analyzing data line:           17
  Analyzing data line:           18
  Analyzing data line:           19
  Analyzing data line:           20
  Analyzing data line:           21
  Analyzing data line:           22
  Analyzing data line:           23
  Analyzing data line:           24
  Analyzing data line:           25
  Analyzing data line:           26
  Analyzing data line:           27
  Analyzing data line:           28
  Analyzing data line:           29
  Analyzing data line:           30
  Analyzing data line:           31
  Analyzing data line:           32
  Analyzing data line:           33
  Analyzing data line:           34
  Analyzing data line:           35
  Analyzing data line:           36
  Analyzing data line:           37
  Analyzing data line:           38
  Analyzing data line:           39
  Analyzing data line:           40
  Analyzing data line:           41
  Analyzing data line:           42
  Analyzing data line:           43
  Analyzing data line:           44
  Analyzing data line:           45
  Analyzing data line:           46
  Analyzing data line:           47
  Analyzing data line:           48
  Analyzing data line:           49
  Analyzing data line:           50
  Analyzing data line:           51
  Analyzing data line:           52
  Analyzing data line:           53
  Analyzing data line:           54
  Analyzing data line:           55
  Analyzing data line:           56
  Analyzing data line:           57
  Analyzing data line:           58
  Analyzing data line:           59
  Analyzing data line:           60
  Analyzing data line:           61
  Analyzing data line:           62
  Analyzing data line:           63
  Analyzing data line:           64
  Analyzing data line:           65
  Analyzing data line:           66
  Analyzing data line:           67
  Analyzing data line:           68
  Analyzing data line:           69
  Analyzing data line:           70
  Analyzing data line:           71
  Analyzing data line:           72
  Analyzing data line:           73
  Analyzing data line:           74
  Analyzing data line:           75
  Analyzing data line:           76
  Analyzing data line:           77
  Analyzing data line:           78
  Analyzing data line:           79
  Analyzing data line:           80
  Analyzing data line:           81
  Analyzing data line:           82
  Analyzing data line:           83
  Analyzing data line:           84
  Analyzing data line:           85
  Analyzing data line:           86
  Analyzing data line:           87
  Analyzing data line:           88
  Analyzing data line:           89
  Analyzing data line:           90
  Analyzing data line:           91
  Analyzing data line:           92
  Analyzing data line:           93
  Analyzing data line:           94
  Analyzing data line:           95
  Analyzing data line:           96
  Analyzing data line:           97
  Analyzing data line:           98
  Analyzing data line:           99
  Analyzing data line:          100
  Analyzing data line:          101
  Analyzing data line:          102
  Analyzing data line:          103
  Analyzing data line:          104
  Analyzing data line:          105
  Analyzing data line:          106
  Analyzing data line:          107
  Analyzing data line:          108
  Analyzing data line:          109
  Analyzing data line:          110
  Analyzing data line:          111
  Analyzing data line:          112
  Analyzing data line:          113
  Analyzing data line:          114
  Analyzing data line:          115
  Analyzing data line:          116
  Analyzing data line:          117
  Analyzing data line:          118
  Analyzing data line:          119
  Analyzing data line:          120
  Analyzing data line:          121
  Analyzing data line:          122
  Analyzing data line:          123
  Analyzing data line:          124
  Analyzing data line:          125
  Analyzing data line:          126
  Analyzing data line:          127
  Analyzing data line:          128
  Analyzing data line:          129
  Analyzing data line:          130
  Analyzing data line:          131
  Analyzing data line:          132
  Analyzing data line:          133
  Analyzing data line:          134
  Analyzing data line:          135
  Analyzing data line:          136
  Analyzing data line:          137
  Analyzing data line:          138
  Analyzing data line:          139
  Analyzing data line:          140
  Analyzing data line:          141
  Analyzing data line:          142
  Analyzing data line:          143
  Analyzing data line:          144
  Analyzing data line:          145
  Analyzing data line:          146
  Analyzing data line:          147
  Analyzing data line:          148
  Analyzing data line:          149
  Analyzing data line:          150
  Analyzing data line:          151
  Analyzing data line:          152
  Analyzing data line:          153
  Analyzing data line:          154
  Analyzing data line:          155
  Analyzing data line:          156
  Analyzing data line:          157
  Analyzing data line:          158
  Analyzing data line:          159
  Analyzing data line:          160
  Analyzing data line:          161
  Analyzing data line:          162
  Analyzing data line:          163
  Analyzing data line:          164
  Analyzing data line:          165
  Analyzing data line:          166
  Analyzing data line:          167
  Analyzing data line:          168
  Analyzing data line:          169
  Analyzing data line:          170
  Analyzing data line:          171
  Analyzing data line:          172
  Analyzing data line:          173
  Analyzing data line:          174
  Analyzing data line:          175
  Analyzing data line:          176
  Analyzing data line:          177
  Analyzing data line:          178
  Analyzing data line:          179
  Analyzing data line:          180
  Analyzing data line:          181
  Analyzing data line:          182
  Analyzing data line:          183
  Analyzing data line:          184
  Analyzing data line:          185
  Analyzing data line:          186
  Analyzing data line:          187
  Analyzing data line:          188
  Analyzing data line:          189
  Analyzing data line:          190
  Analyzing data line:          191
  Analyzing data line:          192
  Analyzing data line:          193
  Analyzing data line:          194
  Analyzing data line:          195
  Analyzing data line:          196
  Analyzing data line:          197
  Analyzing data line:          198
  Analyzing data line:          199
  Analyzing data line:          200
  Analyzing data line:          201
  Analyzing data line:          202
  Analyzing data line:          203
  Analyzing data line:          204
  Analyzing data line:          205
  Analyzing data line:          206
  Analyzing data line:          207
  Analyzing data line:          208
  Analyzing data line:          209
  Analyzing data line:          210
  Analyzing data line:          211
  Analyzing data line:          212
  Analyzing data line:          213
  Analyzing data line:          214
  Analyzing data line:          215
  Analyzing data line:          216
  Analyzing data line:          217
  Analyzing data line:          218
  Analyzing data line:          219
  Analyzing data line:          220
  Analyzing data line:          221
  Analyzing data line:          222
  Analyzing data line:          223
  Analyzing data line:          224
  Analyzing data line:          225
  Analyzing data line:          226
  Analyzing data line:          227
  Analyzing data line:          228
  Analyzing data line:          229
  Analyzing data line:          230
  Analyzing data line:          231
  Analyzing data line:          232
  Analyzing data line:          233
  Analyzing data line:          234
  Analyzing data line:          235
  Analyzing data line:          236
  Analyzing data line:          237
  Analyzing data line:          238
  Analyzing data line:          239
  Analyzing data line:          240
  Analyzing data line:          241
  Analyzing data line:          242
  Analyzing data line:          243
  Analyzing data line:          244
  Analyzing data line:          245
  Analyzing data line:          246
  Analyzing data line:          247
  Analyzing data line:          248
  Analyzing data line:          249
  Analyzing data line:          250
  Analyzing data line:          251
  Analyzing data line:          252
  Analyzing data line:          253
  Analyzing data line:          254
  Analyzing data line:          255
  Analyzing data line:          256
  Analyzing data line:          257
  Analyzing data line:          258
  Analyzing data line:          259
  Analyzing data line:          260
  Analyzing data line:          261
  Analyzing data line:          262
  Analyzing data line:          263
  Analyzing data line:          264
  Analyzing data line:          265
  Analyzing data line:          266
  Analyzing data line:          267
  Analyzing data line:          268
  Analyzing data line:          269
  Analyzing data line:          270
  Analyzing data line:          271
  Analyzing data line:          272
  Analyzing data line:          273
  Analyzing data line:          274
  Analyzing data line:          275
  Analyzing data line:          276
  Analyzing data line:          277
  Analyzing data line:          278
  Analyzing data line:          279
  Analyzing data line:          280
  Analyzing data line:          281
  Analyzing data line:          282
  Analyzing data line:          283
  Analyzing data line:          284
  Analyzing data line:          285
  Analyzing data line:          286
  Analyzing data line:          287
  Analyzing data line:          288
  Analyzing data line:          289
  Analyzing data line:          290
  Analyzing data line:          291
  Analyzing data line:          292
  Analyzing data line:          293
  Analyzing data line:          294
  Analyzing data line:          295
  Analyzing data line:          296
  Analyzing data line:          297
  Analyzing data line:          298
  Analyzing data line:          299
  Analyzing data line:          300
  Analyzing data line:          301
  Analyzing data line:          302
  Analyzing data line:          303
  Analyzing data line:          304
  Analyzing data line:          305
  Analyzing data line:          306
  Analyzing data line:          307
  Analyzing data line:          308
  Analyzing data line:          309
  Analyzing data line:          310
  Analyzing data line:          311
  Analyzing data line:          312
  Analyzing data line:          313
  Analyzing data line:          314
  Analyzing data line:          315
  Analyzing data line:          316
  Analyzing data line:          317
  Analyzing data line:          318
  Analyzing data line:          319
  Analyzing data line:          320
  Analyzing data line:          321
  Analyzing data line:          322
  Analyzing data line:          323
  Analyzing data line:          324
  Analyzing data line:          325
  Analyzing data line:          326
  Analyzing data line:          327
  Analyzing data line:          328
  Analyzing data line:          329
  Analyzing data line:          330
  Analyzing data line:          331
  Analyzing data line:          332
  Analyzing data line:          333
  Analyzing data line:          334
  Analyzing data line:          335
  Analyzing data line:          336
  Analyzing data line:          337
  Analyzing data line:          338
  Analyzing data line:          339
  Analyzing data line:          340
  Analyzing data line:          341
  Analyzing data line:          342
  Analyzing data line:          343
  Analyzing data line:          344
  Analyzing data line:          345
  Analyzing data line:          346
  Analyzing data line:          347
  Analyzing data line:          348
  Analyzing data line:          349
  Analyzing data line:          350
  Analyzing data line:          351
  Analyzing data line:          352
  Analyzing data line:          353
  Analyzing data line:          354
  Analyzing data line:          355
  Analyzing data line:          356
  Analyzing data line:          357
  Analyzing data line:          358
  Analyzing data line:          359
  Analyzing data line:          360
  Analyzing data line:          361
  Analyzing data line:          362
  Analyzing data line:          363
  Analyzing data line:          364
  Analyzing data line:          365
  Analyzing data line:          366
  Analyzing data line:          367
  Analyzing data line:          368
  Analyzing data line:          369
  Analyzing data line:          370
  Analyzing data line:          371
  Analyzing data line:          372
  Analyzing data line:          373
  Analyzing data line:          374
  Analyzing data line:          375
  Analyzing data line:          376
  Analyzing data line:          377
  Analyzing data line:          378
  Analyzing data line:          379
  Analyzing data line:          380
  Analyzing data line:          381
  Analyzing data line:          382
  Analyzing data line:          383
  Analyzing data line:          384
  Analyzing data line:          385
  Analyzing data line:          386
  Analyzing data line:          387
  Analyzing data line:          388
  Analyzing data line:          389
  Analyzing data line:          390
  Analyzing data line:          391
  Analyzing data line:          392
  Analyzing data line:          393
  Analyzing data line:          394
  Analyzing data line:          395
  Analyzing data line:          396
  Analyzing data line:          397
  Analyzing data line:          398
  Analyzing data line:          399
  Analyzing data line:          400
  Analyzing data line:          401
  Analyzing data line:          402
  Analyzing data line:          403
  Analyzing data line:          404
  Analyzing data line:          405
  Analyzing data line:          406
  Analyzing data line:          407
  Analyzing data line:          408
  Analyzing data line:          409
  Analyzing data line:          410
  Analyzing data line:          411
  Analyzing data line:          412
  Analyzing data line:          413
  Analyzing data line:          414
  Analyzing data line:          415
  Analyzing data line:          416
  Analyzing data line:          417
  Analyzing data line:          418
  Analyzing data line:          419
  Analyzing data line:          420
  Analyzing data line:          421
  Analyzing data line:          422
  Analyzing data line:          423
  Analyzing data line:          424
  Analyzing data line:          425
  Analyzing data line:          426
  Analyzing data line:          427
  Analyzing data line:          428
  Analyzing data line:          429
  Analyzing data line:          430
  Analyzing data line:          431
  Analyzing data line:          432
  Analyzing data line:          433
  Analyzing data line:          434
  Analyzing data line:          435
  Analyzing data line:          436
  Analyzing data line:          437
  Analyzing data line:          438
  Analyzing data line:          439
  Analyzing data line:          440
  Analyzing data line:          441
  Analyzing data line:          442
  Analyzing data line:          443
  Analyzing data line:          444
  Analyzing data line:          445
  Analyzing data line:          446
  Analyzing data line:          447
  Analyzing data line:          448
  Analyzing data line:          449
  Analyzing data line:          450
  Analyzing data line:          451
  Analyzing data line:          452
  Analyzing data line:          453
  Analyzing data line:          454
  Analyzing data line:          455
  Analyzing data line:          456
  Analyzing data line:          457
  Analyzing data line:          458
  Analyzing data line:          459
  Analyzing data line:          460
  Analyzing data line:          461
  Analyzing data line:          462
  Analyzing data line:          463
  Analyzing data line:          464
  Analyzing data line:          465
  Analyzing data line:          466
  Analyzing data line:          467
  Analyzing data line:          468
  Analyzing data line:          469
  Analyzing data line:          470
  Analyzing data line:          471
  Analyzing data line:          472
  Analyzing data line:          473
  Analyzing data line:          474
  Analyzing data line:          475
  Analyzing data line:          476
  Analyzing data line:          477
  Analyzing data line:          478
  Analyzing data line:          479
  Analyzing data line:          480
  Analyzing data line:          481
  Analyzing data line:          482
  Analyzing data line:          483
  Analyzing data line:          484
  Analyzing data line:          485
  Analyzing data line:          486
  Analyzing data line:          487
  Analyzing data line:          488
  Analyzing data line:          489
  Analyzing data line:          490
  Analyzing data line:          491
  Analyzing data line:          492
  Analyzing data line:          493
  Analyzing data line:          494
  Analyzing data line:          495
  Analyzing data line:          496
  Analyzing data line:          497
  Analyzing data line:          498
  Analyzing data line:          499
  Analyzing data line:          500
  Analyzing data line:          501
  Analyzing data line:          502
  Analyzing data line:          503
  Analyzing data line:          504
  Analyzing data line:          505
  Analyzing data line:          506
  Analyzing data line:          507
  Analyzing data line:          508
  Analyzing data line:          509
  Analyzing data line:          510
  Analyzing data line:          511
  Analyzing data line:          512
  Analyzing data line:          513
  Analyzing data line:          514
  Analyzing data line:          515
  Analyzing data line:          516
  Analyzing data line:          517
  Analyzing data line:          518
  Analyzing data line:          519
  Analyzing data line:          520
  Analyzing data line:          521
  Analyzing data line:          522
  Analyzing data line:          523
  Analyzing data line:          524
  Analyzing data line:          525
  Analyzing data line:          526
  Analyzing data line:          527
  Analyzing data line:          528
  Analyzing data line:          529
  Analyzing data line:          530
  Analyzing data line:          531
  Analyzing data line:          532
  Analyzing data line:          533
  Analyzing data line:          534
  Analyzing data line:          535
  Analyzing data line:          536
  Analyzing data line:          537
  Analyzing data line:          538
  Analyzing data line:          539
  Analyzing data line:          540
  Analyzing data line:          541
  Analyzing data line:          542
  Analyzing data line:          543
  Analyzing data line:          544
  Analyzing data line:          545
  Analyzing data line:          546
  Analyzing data line:          547
  Analyzing data line:          548
  Analyzing data line:          549
  Analyzing data line:          550
  Analyzing data line:          551
  Analyzing data line:          552
  Analyzing data line:          553
  Analyzing data line:          554
  Analyzing data line:          555
  Analyzing data line:          556
  Analyzing data line:          557
  Analyzing data line:          558
  Analyzing data line:          559
  Analyzing data line:          560
  Analyzing data line:          561
  Analyzing data line:          562
  Analyzing data line:          563
  Analyzing data line:          564
  Analyzing data line:          565
  Analyzing data line:          566
  Analyzing data line:          567
  Analyzing data line:          568
  Analyzing data line:          569
  Analyzing data line:          570
  Analyzing data line:          571
  Analyzing data line:          572
  Analyzing data line:          573
  Analyzing data line:          574
  Analyzing data line:          575
  Analyzing data line:          576
  Analyzing data line:          577
  Analyzing data line:          578
  Analyzing data line:          579
  Analyzing data line:          580
  Analyzing data line:          581
  Analyzing data line:          582
  Analyzing data line:          583
  Analyzing data line:          584
  Analyzing data line:          585
  Analyzing data line:          586
  Analyzing data line:          587
  Analyzing data line:          588
  Analyzing data line:          589
  Analyzing data line:          590
  Analyzing data line:          591
  Analyzing data line:          592
  Analyzing data line:          593
  Analyzing data line:          594
  Analyzing data line:          595
  Analyzing data line:          596
  Analyzing data line:          597
  Analyzing data line:          598
  Analyzing data line:          599
  Analyzing data line:          600
  Analyzing data line:          601
  Analyzing data line:          602
  Analyzing data line:          603
  Analyzing data line:          604
  Analyzing data line:          605
  Analyzing data line:          606
  Analyzing data line:          607
  Analyzing data line:          608
  Analyzing data line:          609
  Analyzing data line:          610
  Analyzing data line:          611
  Analyzing data line:          612
  Analyzing data line:          613
  Analyzing data line:          614
  Analyzing data line:          615
  Analyzing data line:          616
  Analyzing data line:          617
  Analyzing data line:          618
  Analyzing data line:          619
  Analyzing data line:          620
  Analyzing data line:          621
  Analyzing data line:          622
  Analyzing data line:          623
  Analyzing data line:          624
  Analyzing data line:          625
  Analyzing data line:          626
  Analyzing data line:          627
  Analyzing data line:          628
  Analyzing data line:          629
  Analyzing data line:          630
  Analyzing data line:          631
  Analyzing data line:          632
  Analyzing data line:          633
  Analyzing data line:          634
  Analyzing data line:          635
  Analyzing data line:          636
  Analyzing data line:          637
  Analyzing data line:          638
  Analyzing data line:          639
  Analyzing data line:          640
  Analyzing data line:          641
  Analyzing data line:          642
  Analyzing data line:          643
  Analyzing data line:          644
  Analyzing data line:          645
  Analyzing data line:          646
  Analyzing data line:          647
  Analyzing data line:          648
  Analyzing data line:          649
  Analyzing data line:          650
  Analyzing data line:          651
  Analyzing data line:          652
  Analyzing data line:          653
  Analyzing data line:          654
  Analyzing data line:          655
  Analyzing data line:          656
  Analyzing data line:          657
  Analyzing data line:          658
  Analyzing data line:          659
  Analyzing data line:          660
  Analyzing data line:          661
  Analyzing data line:          662
  Analyzing data line:          663
  Analyzing data line:          664
  Analyzing data line:          665
  Analyzing data line:          666
  Analyzing data line:          667
  Analyzing data line:          668
  Analyzing data line:          669
  Analyzing data line:          670
  Analyzing data line:          671
  Analyzing data line:          672
  Analyzing data line:          673
  Analyzing data line:          674
  Analyzing data line:          675
  Analyzing data line:          676
  Analyzing data line:          677
  Analyzing data line:          678
  Analyzing data line:          679
  Analyzing data line:          680
  Analyzing data line:          681
  Analyzing data line:          682
  Analyzing data line:          683
  Analyzing data line:          684
  Analyzing data line:          685
  Analyzing data line:          686
  Analyzing data line:          687
  Analyzing data line:          688
  Analyzing data line:          689
  Analyzing data line:          690
  Analyzing data line:          691
  Analyzing data line:          692
  Analyzing data line:          693
  Analyzing data line:          694
  Analyzing data line:          695
  Analyzing data line:          696
  Analyzing data line:          697
  Analyzing data line:          698
  Analyzing data line:          699
  Analyzing data line:          700
  Analyzing data line:          701
  Analyzing data line:          702
  Analyzing data line:          703
  Analyzing data line:          704
  Analyzing data line:          705
  Analyzing data line:          706
  Analyzing data line:          707
  Analyzing data line:          708
  Analyzing data line:          709
  Analyzing data line:          710
  Analyzing data line:          711
  Analyzing data line:          712
  Analyzing data line:          713
  Analyzing data line:          714
  Analyzing data line:          715
  Analyzing data line:          716
  Analyzing data line:          717
  Analyzing data line:          718
  Analyzing data line:          719
  Analyzing data line:          720
  Analyzing data line:          721
  Analyzing data line:          722
  Analyzing data line:          723
  Analyzing data line:          724
  Analyzing data line:          725
  Analyzing data line:          726
  Analyzing data line:          727
  Analyzing data line:          728
  Analyzing data line:          729
  Analyzing data line:          730
  Analyzing data line:          731
  Analyzing data line:          732
  Analyzing data line:          733
  Analyzing data line:          734
  Analyzing data line:          735
  Analyzing data line:          736
  Analyzing data line:          737
  Analyzing data line:          738
  Analyzing data line:          739
  Analyzing data line:          740
  Analyzing data line:          741
  Analyzing data line:          742
  Analyzing data line:          743
  Analyzing data line:          744
  Analyzing data line:          745
  Analyzing data line:          746
  Analyzing data line:          747
  Analyzing data line:          748
  Analyzing data line:          749
  Analyzing data line:          750
  Analyzing data line:          751
  Analyzing data line:          752
  Analyzing data line:          753
  Analyzing data line:          754
  Analyzing data line:          755
  Analyzing data line:          756
  Analyzing data line:          757
  Analyzing data line:          758
  Analyzing data line:          759
  Analyzing data line:          760
  Analyzing data line:          761
  Analyzing data line:          762
  Analyzing data line:          763
  Analyzing data line:          764
  Analyzing data line:          765
  Analyzing data line:          766
  Analyzing data line:          767
  Analyzing data line:          768
  Analyzing data line:          769
  Analyzing data line:          770
  Analyzing data line:          771
  Analyzing data line:          772
  Analyzing data line:          773
  Analyzing data line:          774
  Analyzing data line:          775
  Analyzing data line:          776
  Analyzing data line:          777
  Analyzing data line:          778
  Analyzing data line:          779
  Analyzing data line:          780
  Analyzing data line:          781
  Analyzing data line:          782
  Analyzing data line:          783
  Analyzing data line:          784
  Analyzing data line:          785
  Analyzing data line:          786
  Analyzing data line:          787
  Analyzing data line:          788
  Analyzing data line:          789
  Analyzing data line:          790
  Analyzing data line:          791
  Analyzing data line:          792
  Analyzing data line:          793
  Analyzing data line:          794
  Analyzing data line:          795
  Analyzing data line:          796
  Analyzing data line:          797
  Analyzing data line:          798
  Analyzing data line:          799
  Analyzing data line:          800
  Analyzing data line:          801
  Analyzing data line:          802
  Analyzing data line:          803
  Analyzing data line:          804
  Analyzing data line:          805
  Analyzing data line:          806
  Analyzing data line:          807
  Analyzing data line:          808
  Analyzing data line:          809
  Analyzing data line:          810
  Analyzing data line:          811
  Analyzing data line:          812
  Analyzing data line:          813
  Analyzing data line:          814
  Analyzing data line:          815
  Analyzing data line:          816
  Analyzing data line:          817
  Analyzing data line:          818
  Analyzing data line:          819
  Analyzing data line:          820
  Analyzing data line:          821
  Analyzing data line:          822
  Analyzing data line:          823
  Analyzing data line:          824
  Analyzing data line:          825
  Analyzing data line:          826
  Analyzing data line:          827
  Analyzing data line:          828
  Analyzing data line:          829
  Analyzing data line:          830
  Analyzing data line:          831
  Analyzing data line:          832
  Analyzing data line:          833
  Analyzing data line:          834
  Analyzing data line:          835
  Analyzing data line:          836
  Analyzing data line:          837
  Analyzing data line:          838
  Analyzing data line:          839
  Analyzing data line:          840
  Analyzing data line:          841
  Analyzing data line:          842
  Analyzing data line:          843
  Analyzing data line:          844
  Analyzing data line:          845
  Analyzing data line:          846
  Analyzing data line:          847
  Analyzing data line:          848
  Analyzing data line:          849
  Analyzing data line:          850
  Analyzing data line:          851
  Analyzing data line:          852
  Analyzing data line:          853
  Analyzing data line:          854
  Analyzing data line:          855
  Analyzing data line:          856
  Analyzing data line:          857
  Analyzing data line:          858
  Analyzing data line:          859
  Analyzing data line:          860
  Analyzing data line:          861
  Analyzing data line:          862
  Analyzing data line:          863
  Analyzing data line:          864
  Analyzing data line:          865
  Analyzing data line:          866
  Analyzing data line:          867
  Analyzing data line:          868
  Analyzing data line:          869
  Analyzing data line:          870
  Analyzing data line:          871
  Analyzing data line:          872
  Analyzing data line:          873
  Analyzing data line:          874
  Analyzing data line:          875
  Analyzing data line:          876
  Analyzing data line:          877
  Analyzing data line:          878
  Analyzing data line:          879
  Analyzing data line:          880
  Analyzing data line:          881
  Analyzing data line:          882
  Analyzing data line:          883
  Analyzing data line:          884
  Analyzing data line:          885
  Analyzing data line:          886
  Analyzing data line:          887
  Analyzing data line:          888
  Analyzing data line:          889
  Analyzing data line:          890
  Analyzing data line:          891
  Analyzing data line:          892
  Analyzing data line:          893
  Analyzing data line:          894
  Analyzing data line:          895
  Analyzing data line:          896
  Analyzing data line:          897
  Analyzing data line:          898
  Analyzing data line:          899
  Analyzing data line:          900
  Analyzing data line:          901
  Analyzing data line:          902
  Analyzing data line:          903
  Analyzing data line:          904
  Analyzing data line:          905
  Analyzing data line:          906
  Analyzing data line:          907
  Analyzing data line:          908
  Analyzing data line:          909
  Analyzing data line:          910
  Analyzing data line:          911
  Analyzing data line:          912
  Analyzing data line:          913
  Analyzing data line:          914
  Analyzing data line:          915
  Analyzing data line:          916
  Analyzing data line:          917
  Analyzing data line:          918
  Analyzing data line:          919
  Analyzing data line:          920
  Analyzing data line:          921
  Analyzing data line:          922
  Analyzing data line:          923
  Analyzing data line:          924
  Analyzing data line:          925
  Analyzing data line:          926
  Analyzing data line:          927
  Analyzing data line:          928
  Analyzing data line:          929
  Analyzing data line:          930
  Analyzing data line:          931
  Analyzing data line:          932
  Analyzing data line:          933
  Analyzing data line:          934
  Analyzing data line:          935
  Analyzing data line:          936
  Analyzing data line:          937
  Analyzing data line:          938
  Analyzing data line:          939
  Analyzing data line:          940
  Analyzing data line:          941
  Analyzing data line:          942
  Analyzing data line:          943
  Analyzing data line:          944
  Analyzing data line:          945
  Analyzing data line:          946
  Analyzing data line:          947
  Analyzing data line:          948
  Analyzing data line:          949
  Analyzing data line:          950
  Analyzing data line:          951
  Analyzing data line:          952
  Analyzing data line:          953
  Analyzing data line:          954
  Analyzing data line:          955
  Analyzing data line:          956
  Analyzing data line:          957
  Analyzing data line:          958
  Analyzing data line:          959
  Analyzing data line:          960
  Analyzing data line:          961
  Analyzing data line:          962
  Analyzing data line:          963
  Analyzing data line:          964
  Analyzing data line:          965
  Analyzing data line:          966
  Analyzing data line:          967
  Analyzing data line:          968
  Analyzing data line:          969
  Analyzing data line:          970
  Analyzing data line:          971
  Analyzing data line:          972
  Analyzing data line:          973
  Analyzing data line:          974
  Analyzing data line:          975
  Analyzing data line:          976
  Analyzing data line:          977
  Analyzing data line:          978
  Analyzing data line:          979
  Analyzing data line:          980
  Analyzing data line:          981
  Analyzing data line:          982
  Analyzing data line:          983
  Analyzing data line:          984
  Analyzing data line:          985
  Analyzing data line:          986
  Analyzing data line:          987
  Analyzing data line:          988
  Analyzing data line:          989
  Analyzing data line:          990
  Analyzing data line:          991
  Analyzing data line:          992
  Analyzing data line:          993
  Analyzing data line:          994
  Analyzing data line:          995
  Analyzing data line:          996
  Analyzing data line:          997
  Analyzing data line:          998
  Analyzing data line:          999
  Analyzing data line:         1000
  Analyzing data line:         1001
  Analyzing data line:         1002
  Analyzing data line:         1003
  Analyzing data line:         1004
  Analyzing data line:         1005
  Analyzing data line:         1006
  Analyzing data line:         1007
  Analyzing data line:         1008
  Analyzing data line:         1009
  Analyzing data line:         1010
  Analyzing data line:         1011
  Analyzing data line:         1012
  Analyzing data line:         1013
  Analyzing data line:         1014
  Analyzing data line:         1015
  Analyzing data line:         1016
  Analyzing data line:         1017
  Analyzing data line:         1018
  Analyzing data line:         1019
  Analyzing data line:         1020
  Analyzing data line:         1021
  Analyzing data line:         1022
  Analyzing data line:         1023
  Analyzing data line:         1024
  Analyzing data line:         1025
  Analyzing data line:         1026
  Analyzing data line:         1027
  Analyzing data line:         1028
  Analyzing data line:         1029
  Analyzing data line:         1030
  Analyzing data line:         1031
  Analyzing data line:         1032
  Analyzing data line:         1033
  Analyzing data line:         1034
  Analyzing data line:         1035
  Analyzing data line:         1036
  Analyzing data line:         1037
  Analyzing data line:         1038
  Analyzing data line:         1039
  Analyzing data line:         1040
  Analyzing data line:         1041
  Analyzing data line:         1042
  Analyzing data line:         1043
  Analyzing data line:         1044
  Analyzing data line:         1045
  Analyzing data line:         1046
  Analyzing data line:         1047
  Analyzing data line:         1048
  Analyzing data line:         1049
  Analyzing data line:         1050
  Analyzing data line:         1051
  Analyzing data line:         1052
  Analyzing data line:         1053
  Analyzing data line:         1054
  Analyzing data line:         1055
  Analyzing data line:         1056
  Analyzing data line:         1057
  Analyzing data line:         1058
  Analyzing data line:         1059
  Analyzing data line:         1060
  Analyzing data line:         1061
  Analyzing data line:         1062
  Analyzing data line:         1063
  Analyzing data line:         1064
  Analyzing data line:         1065
  Analyzing data line:         1066
  Analyzing data line:         1067
  Analyzing data line:         1068
  Analyzing data line:         1069
  Analyzing data line:         1070
  Analyzing data line:         1071
  Analyzing data line:         1072
  Analyzing data line:         1073
  Analyzing data line:         1074
  Analyzing data line:         1075
  Analyzing data line:         1076
  Analyzing data line:         1077
  Analyzing data line:         1078
  Analyzing data line:         1079
  Analyzing data line:         1080
  Analyzing data line:         1081
  Analyzing data line:         1082
  Analyzing data line:         1083
  Analyzing data line:         1084
  Analyzing data line:         1085
  Analyzing data line:         1086
  Analyzing data line:         1087
  Analyzing data line:         1088
  Analyzing data line:         1089
  Analyzing data line:         1090
  Analyzing data line:         1091
  Analyzing data line:         1092
  Analyzing data line:         1093
  Analyzing data line:         1094
  Analyzing data line:         1095
  Analyzing data line:         1096
  Analyzing data line:         1097
  Analyzing data line:         1098
  Analyzing data line:         1099
  Analyzing data line:         1100
  Analyzing data line:         1101
  Analyzing data line:         1102
  Analyzing data line:         1103
  Analyzing data line:         1104
  Analyzing data line:         1105
  Analyzing data line:         1106
  Analyzing data line:         1107
  Analyzing data line:         1108
  Analyzing data line:         1109
  Analyzing data line:         1110
  Analyzing data line:         1111
  Analyzing data line:         1112
  Analyzing data line:         1113
  Analyzing data line:         1114
  Analyzing data line:         1115
  Analyzing data line:         1116
  Analyzing data line:         1117
  Analyzing data line:         1118
  Analyzing data line:         1119
  Analyzing data line:         1120
  Analyzing data line:         1121
  Analyzing data line:         1122
  Analyzing data line:         1123
  Analyzing data line:         1124
  Analyzing data line:         1125
  Analyzing data line:         1126
  Analyzing data line:         1127
  Analyzing data line:         1128
  Analyzing data line:         1129
  Analyzing data line:         1130
  Analyzing data line:         1131
  Analyzing data line:         1132
  Analyzing data line:         1133
  Analyzing data line:         1134
  Analyzing data line:         1135
  Analyzing data line:         1136
  Analyzing data line:         1137
  Analyzing data line:         1138
  Analyzing data line:         1139
  Analyzing data line:         1140
  Analyzing data line:         1141
  Analyzing data line:         1142
  Analyzing data line:         1143
  Analyzing data line:         1144
  Analyzing data line:         1145
  Analyzing data line:         1146
  Analyzing data line:         1147
  Analyzing data line:         1148
  Analyzing data line:         1149
  Analyzing data line:         1150
  Analyzing data line:         1151
  Analyzing data line:         1152
  Analyzing data line:         1153
  Analyzing data line:         1154
