     LAT,       LON,     ALTITUDE,    DATE,    HR, VCR(GV), PARTICLE,  DOSE RATE,     SIGMA,        UNIT,      QUANTITY 
 -52.00000, -96.00000, 82021.0000,F,2002/01/00,   0,  5.27,TOTAL     , 1.0683E+01, 6.0594E-01,    microSv/hr, ICRP Pub. 103 EFFECTIVE DOSE 
 COMMENT OR IMPROPER FORMAT FOR DATA AT LINE:            3 IN PLACES.DAT
                                                             
 -52.00000, -88.00000, 82021.0000,F,2002/01/00,   0,  5.59,TOTAL     , 1.0144E+01, 5.7168E-01,    microSv/hr, ICRP Pub. 103 EFFECTIVE DOSE 
 COMMENT OR IMPROPER FORMAT FOR DATA AT LINE:            5 IN PLACES.DAT
                                                             
 -52.00000, -80.00000, 82021.0000,F,2002/01/00,   0,  5.74,TOTAL     , 9.9018E+00, 5.6323E-01,    microSv/hr, ICRP Pub. 103 EFFECTIVE DOSE 
 COMMENT OR IMPROPER FORMAT FOR DATA AT LINE:            7 IN PLACES.DAT
                                                             
 -52.00000, -72.00000, 82021.0000,F,2002/01/00,   0,  5.60,TOTAL     , 1.0132E+01, 5.7112E-01,    microSv/hr, ICRP Pub. 103 EFFECTIVE DOSE 
 COMMENT OR IMPROPER FORMAT FOR DATA AT LINE:            9 IN PLACES.DAT
                                                             
 -52.00000, -64.00000, 82021.0000,F,2002/01/00,   0,  5.29,TOTAL     , 1.0638E+01, 6.0445E-01,    microSv/hr, ICRP Pub. 103 EFFECTIVE DOSE 
 COMMENT OR IMPROPER FORMAT FOR DATA AT LINE:           11 IN PLACES.DAT
                                                             
 -52.00000, -56.00000, 82021.0000,F,2002/01/00,   0,  4.85,TOTAL     , 1.1452E+01, 6.3880E-01,    microSv/hr, ICRP Pub. 103 EFFECTIVE DOSE 
 COMMENT OR IMPROPER FORMAT FOR DATA AT LINE:           13 IN PLACES.DAT
                                                             
 -52.00000, -48.00000, 82021.0000,F,2002/01/00,   0,  4.37,TOTAL     , 1.2459E+01, 6.8619E-01,    microSv/hr, ICRP Pub. 103 EFFECTIVE DOSE 
 COMMENT OR IMPROPER FORMAT FOR DATA AT LINE:           15 IN PLACES.DAT
                                                             
 -52.00000, -40.00000, 82021.0000,F,2002/01/00,   0,  3.92,TOTAL     , 1.3499E+01, 7.3366E-01,    microSv/hr, ICRP Pub. 103 EFFECTIVE DOSE 
 COMMENT OR IMPROPER FORMAT FOR DATA AT LINE:           17 IN PLACES.DAT
                                                             
 -52.00000, -32.00000, 82021.0000,F,2002/01/00,   0,  3.47,TOTAL     , 1.4688E+01, 7.7967E-01,    microSv/hr, ICRP Pub. 103 EFFECTIVE DOSE 
 COMMENT OR IMPROPER FORMAT FOR DATA AT LINE:           19 IN PLACES.DAT
                                                             
 -52.00000, -24.00000, 82021.0000,F,2002/01/00,   0,  3.13,TOTAL     , 1.5683E+01, 8.1898E-01,    microSv/hr, ICRP Pub. 103 EFFECTIVE DOSE 
 COMMENT OR IMPROPER FORMAT FOR DATA AT LINE:           21 IN PLACES.DAT
                                                             
 -52.00000, -16.00000, 82021.0000,F,2002/01/00,   0,  2.76,TOTAL     , 1.6803E+01, 8.6311E-01,    microSv/hr, ICRP Pub. 103 EFFECTIVE DOSE 
 COMMENT OR IMPROPER FORMAT FOR DATA AT LINE:           23 IN PLACES.DAT
                                                             
 -52.00000,  -8.00000, 82021.0000,F,2002/01/00,   0,  2.53,TOTAL     , 1.7513E+01, 8.8851E-01,    microSv/hr, ICRP Pub. 103 EFFECTIVE DOSE 
 -52.00000,   0.00000, 82021.0000,F,2002/01/00,   0,  2.23,TOTAL     , 1.8396E+01, 9.1810E-01,    microSv/hr, ICRP Pub. 103 EFFECTIVE DOSE 
 -52.00000,   8.00000, 82021.0000,F,2002/01/00,   0,  2.06,TOTAL     , 1.8886E+01, 9.3332E-01,    microSv/hr, ICRP Pub. 103 EFFECTIVE DOSE 
 -52.00000,  16.00000, 82021.0000,F,2002/01/00,   0,  1.92,TOTAL     , 1.9249E+01, 9.4415E-01,    microSv/hr, ICRP Pub. 103 EFFECTIVE DOSE 
 COMMENT OR IMPROPER FORMAT FOR DATA AT LINE:           28 IN PLACES.DAT
                                                             
 -52.00000,  24.00000, 82021.0000,F,2002/01/00,   0,  1.76,TOTAL     , 1.9610E+01, 9.5270E-01,    microSv/hr, ICRP Pub. 103 EFFECTIVE DOSE 
 COMMENT OR IMPROPER FORMAT FOR DATA AT LINE:           30 IN PLACES.DAT
                                                             
 -52.00000,  32.00000, 82021.0000,F,2002/01/00,   0,  1.63,TOTAL     , 1.9911E+01, 9.5898E-01,    microSv/hr, ICRP Pub. 103 EFFECTIVE DOSE 
 COMMENT OR IMPROPER FORMAT FOR DATA AT LINE:           32 IN PLACES.DAT
                                                             
 -52.00000,  40.00000, 82021.0000,F,2002/01/00,   0,  1.51,TOTAL     , 2.0161E+01, 9.6318E-01,    microSv/hr, ICRP Pub. 103 EFFECTIVE DOSE 
 COMMENT OR IMPROPER FORMAT FOR DATA AT LINE:           34 IN PLACES.DAT
                                                             
 -52.00000,  48.00000, 82021.0000,F,2002/01/00,   0,  1.33,TOTAL     , 2.0463E+01, 9.6784E-01,    microSv/hr, ICRP Pub. 103 EFFECTIVE DOSE 
 COMMENT OR IMPROPER FORMAT FOR DATA AT LINE:           36 IN PLACES.DAT
                                                             
 -52.00000,  56.00000, 82021.0000,F,2002/01/00,   0,  1.14,TOTAL     , 2.0701E+01, 9.7104E-01,    microSv/hr, ICRP Pub. 103 EFFECTIVE DOSE 
 COMMENT OR IMPROPER FORMAT FOR DATA AT LINE:           38 IN PLACES.DAT
                                                             
 -52.00000,  64.00000, 82021.0000,F,2002/01/00,   0,  0.98,TOTAL     , 2.0835E+01, 9.7224E-01,    microSv/hr, ICRP Pub. 103 EFFECTIVE DOSE 
 COMMENT OR IMPROPER FORMAT FOR DATA AT LINE:           40 IN PLACES.DAT
                                                             
 -52.00000,  72.00000, 82021.0000,F,2002/01/00,   0,  0.83,TOTAL     , 2.0899E+01, 9.7256E-01,    microSv/hr, ICRP Pub. 103 EFFECTIVE DOSE 
 COMMENT OR IMPROPER FORMAT FOR DATA AT LINE:           42 IN PLACES.DAT
                                                             
 -52.00000,  80.00000, 82021.0000,F,2002/01/00,   0,  0.65,TOTAL     , 2.0922E+01, 9.7260E-01,    microSv/hr, ICRP Pub. 103 EFFECTIVE DOSE 
 COMMENT OR IMPROPER FORMAT FOR DATA AT LINE:           44 IN PLACES.DAT
                                                             
 -52.00000,  88.00000, 82021.0000,F,2002/01/00,   0,  0.57,TOTAL     , 2.0924E+01, 9.7260E-01,    microSv/hr, ICRP Pub. 103 EFFECTIVE DOSE 
 COMMENT OR IMPROPER FORMAT FOR DATA AT LINE:           46 IN PLACES.DAT
                                                             
 -52.00000,  96.00000, 82021.0000,F,2002/01/00,   0,  0.46,TOTAL     , 2.0925E+01, 9.7260E-01,    microSv/hr, ICRP Pub. 103 EFFECTIVE DOSE 
 COMMENT OR IMPROPER FORMAT FOR DATA AT LINE:           48 IN PLACES.DAT
                                                             
 -52.00000, 104.00000, 82021.0000,F,2002/01/00,   0,  0.41,TOTAL     , 2.0925E+01, 9.7260E-01,    microSv/hr, ICRP Pub. 103 EFFECTIVE DOSE 
 COMMENT OR IMPROPER FORMAT FOR DATA AT LINE:           50 IN PLACES.DAT
 0                                                           
 -52.00000, 112.00000, 82021.0000,F,2002/01/00,   0,  0.37,TOTAL     , 2.0925E+01, 9.7260E-01,    microSv/hr, ICRP Pub. 103 EFFECTIVE DOSE 
 COMMENT OR IMPROPER FORMAT FOR DATA AT LINE:           52 IN PLACES.DAT
 0                                                           
 -52.00000, 120.00000, 82021.0000,F,2002/01/00,   0,  0.39,TOTAL     , 2.0925E+01, 9.7260E-01,    microSv/hr, ICRP Pub. 103 EFFECTIVE DOSE 
 COMMENT OR IMPROPER FORMAT FOR DATA AT LINE:           54 IN PLACES.DAT
 0                                                           
 -52.00000, 128.00000, 82021.0000,F,2002/01/00,   0,  0.40,TOTAL     , 2.0925E+01, 9.7260E-01,    microSv/hr, ICRP Pub. 103 EFFECTIVE DOSE 
 COMMENT OR IMPROPER FORMAT FOR DATA AT LINE:           56 IN PLACES.DAT
 0                                                           
 -52.00000, 136.00000, 82021.0000,F,2002/01/00,   0,  0.44,TOTAL     , 2.0925E+01, 9.7260E-01,    microSv/hr, ICRP Pub. 103 EFFECTIVE DOSE 
 COMMENT OR IMPROPER FORMAT FOR DATA AT LINE:           58 IN PLACES.DAT
 0                                                           
 -52.00000, 144.00000, 82021.0000,F,2002/01/00,   0,  0.52,TOTAL     , 2.0925E+01, 9.7260E-01,    microSv/hr, ICRP Pub. 103 EFFECTIVE DOSE 
 COMMENT OR IMPROPER FORMAT FOR DATA AT LINE:           60 IN PLACES.DAT
 0                                                           
 -52.00000, 152.00000, 82021.0000,F,2002/01/00,   0,  0.63,TOTAL     , 2.0922E+01, 9.7260E-01,    microSv/hr, ICRP Pub. 103 EFFECTIVE DOSE 
 COMMENT OR IMPROPER FORMAT FOR DATA AT LINE:           62 IN PLACES.DAT
 0                                                           
 -52.00000, 160.00000, 82021.0000,F,2002/01/00,   0,  0.76,TOTAL     , 2.0912E+01, 9.7260E-01,    microSv/hr, ICRP Pub. 103 EFFECTIVE DOSE 
 COMMENT OR IMPROPER FORMAT FOR DATA AT LINE:           64 IN PLACES.DAT
 0                                                           
 -52.00000, 168.00000, 82021.0000,F,2002/01/00,   0,  0.96,TOTAL     , 2.0845E+01, 9.7236E-01,    microSv/hr, ICRP Pub. 103 EFFECTIVE DOSE 
 COMMENT OR IMPROPER FORMAT FOR DATA AT LINE:           66 IN PLACES.DAT
 0                                                           
 -52.00000, 176.00000, 82021.0000,F,2002/01/00,   0,  1.16,TOTAL     , 2.0679E+01, 9.7062E-01,    microSv/hr, ICRP Pub. 103 EFFECTIVE DOSE 
 COMMENT OR IMPROPER FORMAT FOR DATA AT LINE:           68 IN PLACES.DAT
 0                                                           
 -48.00000,-176.00000, 82021.0000,F,2002/01/00,   0,  2.12,TOTAL     , 1.8699E+01, 9.2803E-01,    microSv/hr, ICRP Pub. 103 EFFECTIVE DOSE 
 COMMENT OR IMPROPER FORMAT FOR DATA AT LINE:           70 IN PLACES.DAT
 0                                                           
 -48.00000,-168.00000, 82021.0000,F,2002/01/00,   0,  2.47,TOTAL     , 1.7712E+01, 8.9789E-01,    microSv/hr, ICRP Pub. 103 EFFECTIVE DOSE 
 COMMENT OR IMPROPER FORMAT FOR DATA AT LINE:           72 IN PLACES.DAT
 0                                                           
 -48.00000,-160.00000, 82021.0000,F,2002/01/00,   0,  2.85,TOTAL     , 1.6529E+01, 8.5213E-01,    microSv/hr, ICRP Pub. 103 EFFECTIVE DOSE 
 COMMENT OR IMPROPER FORMAT FOR DATA AT LINE:           74 IN PLACES.DAT
 0                                                           
 -48.00000,-152.00000, 82021.0000,F,2002/01/00,   0,  3.17,TOTAL     , 1.5549E+01, 8.1526E-01,    microSv/hr, ICRP Pub. 103 EFFECTIVE DOSE 
 COMMENT OR IMPROPER FORMAT FOR DATA AT LINE:           76 IN PLACES.DAT
 0                                                           
 -48.00000,-144.00000, 82021.0000,F,2002/01/00,   0,  3.70,TOTAL     , 1.4054E+01, 7.5585E-01,    microSv/hr, ICRP Pub. 103 EFFECTIVE DOSE 
 COMMENT OR IMPROPER FORMAT FOR DATA AT LINE:           78 IN PLACES.DAT
 0                                                           
 -48.00000,-136.00000, 82021.0000,F,2002/01/00,   0,  4.06,TOTAL     , 1.3155E+01, 7.1712E-01,    microSv/hr, ICRP Pub. 103 EFFECTIVE DOSE 
 COMMENT OR IMPROPER FORMAT FOR DATA AT LINE:           80 IN PLACES.DAT
 0                                                           
 -48.00000,-128.00000, 82021.0000,F,2002/01/00,   0,  4.51,TOTAL     , 1.2161E+01, 6.7040E-01,    microSv/hr, ICRP Pub. 103 EFFECTIVE DOSE 
 COMMENT OR IMPROPER FORMAT FOR DATA AT LINE:           82 IN PLACES.DAT
 0                                                           
 -48.00000,-120.00000, 82021.0000,F,2002/01/00,   0,  5.03,TOTAL     , 1.1124E+01, 6.2022E-01,    microSv/hr, ICRP Pub. 103 EFFECTIVE DOSE 
 COMMENT OR IMPROPER FORMAT FOR DATA AT LINE:           84 IN PLACES.DAT
 0                                                           
 -48.00000,-112.00000, 82021.0000,F,2002/01/00,   0,  5.65,TOTAL     , 1.0053E+01, 5.6781E-01,    microSv/hr, ICRP Pub. 103 EFFECTIVE DOSE 
 COMMENT OR IMPROPER FORMAT FOR DATA AT LINE:           86 IN PLACES.DAT
 0                                                           
 -48.00000,-104.00000, 82021.0000,F,2002/01/00,   0,  6.46,TOTAL     , 8.9061E+00, 5.1503E-01,    microSv/hr, ICRP Pub. 103 EFFECTIVE DOSE 
 COMMENT OR IMPROPER FORMAT FOR DATA AT LINE:           88 IN PLACES.DAT
 0                                                           
 -48.00000, -96.00000, 82021.0000,F,2002/01/00,   0,  7.21,TOTAL     , 8.0207E+00, 4.6816E-01,    microSv/hr, ICRP Pub. 103 EFFECTIVE DOSE 
 COMMENT OR IMPROPER FORMAT FOR DATA AT LINE:           90 IN PLACES.DAT
                                                             
 -48.00000, -88.00000, 82021.0000,F,2002/01/00,   0,  7.52,TOTAL     , 7.6960E+00, 4.5241E-01,    microSv/hr, ICRP Pub. 103 EFFECTIVE DOSE 
 COMMENT OR IMPROPER FORMAT FOR DATA AT LINE:           92 IN PLACES.DAT
                                                             
 -48.00000, -80.00000, 82021.0000,F,2002/01/00,   0,  7.45,TOTAL     , 7.7628E+00, 4.5848E-01,    microSv/hr, ICRP Pub. 103 EFFECTIVE DOSE 
 COMMENT OR IMPROPER FORMAT FOR DATA AT LINE:           94 IN PLACES.DAT
                                                             
 -48.00000, -72.00000, 82021.0000,F,2002/01/00,   0,  7.19,TOTAL     , 8.0438E+00, 4.6873E-01,    microSv/hr, ICRP Pub. 103 EFFECTIVE DOSE 
 COMMENT OR IMPROPER FORMAT FOR DATA AT LINE:           96 IN PLACES.DAT
                                                             
 -48.00000, -64.00000, 82021.0000,F,2002/01/00,   0,  6.76,TOTAL     , 8.5383E+00, 4.9515E-01,    microSv/hr, ICRP Pub. 103 EFFECTIVE DOSE 
 COMMENT OR IMPROPER FORMAT FOR DATA AT LINE:           98 IN PLACES.DAT
                                                             
 -48.00000, -56.00000, 82021.0000,F,2002/01/00,   0,  6.12,TOTAL     , 9.3496E+00, 5.3370E-01,    microSv/hr, ICRP Pub. 103 EFFECTIVE DOSE 
 COMMENT OR IMPROPER FORMAT FOR DATA AT LINE:          100 IN PLACES.DAT
                                                             
 -48.00000, -48.00000, 82021.0000,F,2002/01/00,   0,  5.37,TOTAL     , 1.0512E+01, 5.9528E-01,    microSv/hr, ICRP Pub. 103 EFFECTIVE DOSE 
 COMMENT OR IMPROPER FORMAT FOR DATA AT LINE:          102 IN PLACES.DAT
                                                             
 -48.00000, -40.00000, 82021.0000,F,2002/01/00,   0,  4.69,TOTAL     , 1.1769E+01, 6.5531E-01,    microSv/hr, ICRP Pub. 103 EFFECTIVE DOSE 
 COMMENT OR IMPROPER FORMAT FOR DATA AT LINE:          104 IN PLACES.DAT
                                                             
 -48.00000, -32.00000, 82021.0000,F,2002/01/00,   0,  4.07,TOTAL     , 1.3148E+01, 7.1688E-01,    microSv/hr, ICRP Pub. 103 EFFECTIVE DOSE 
 COMMENT OR IMPROPER FORMAT FOR DATA AT LINE:          106 IN PLACES.DAT
                                                             
 -48.00000, -24.00000, 82021.0000,F,2002/01/00,   0,  3.64,TOTAL     , 1.4224E+01, 7.6442E-01,    microSv/hr, ICRP Pub. 103 EFFECTIVE DOSE 
 COMMENT OR IMPROPER FORMAT FOR DATA AT LINE:          108 IN PLACES.DAT
                                                             
 -48.00000, -16.00000, 82021.0000,F,2002/01/00,   0,  3.22,TOTAL     , 1.5400E+01, 8.1294E-01,    microSv/hr, ICRP Pub. 103 EFFECTIVE DOSE 
 COMMENT OR IMPROPER FORMAT FOR DATA AT LINE:          110 IN PLACES.DAT
                                                             
 -48.00000,  -8.00000, 82021.0000,F,2002/01/00,   0,  2.90,TOTAL     , 1.6368E+01, 8.4868E-01,    microSv/hr, ICRP Pub. 103 EFFECTIVE DOSE 
 -48.00000,   0.00000, 82021.0000,F,2002/01/00,   0,  2.72,TOTAL     , 2.1024E+01, 1.1368E+00,    microSv/hr, ICRP Pub. 103 EFFECTIVE DOSE 
 -48.00000,   8.00000, 82021.0000,F,2002/01/00,   0,  2.49,TOTAL     , 1.7641E+01, 8.9477E-01,    microSv/hr, ICRP Pub. 103 EFFECTIVE DOSE 
 -48.00000,  16.00000, 82021.0000,F,2002/01/00,   0,  2.36,TOTAL     , 1.8016E+01, 9.0634E-01,    microSv/hr, ICRP Pub. 103 EFFECTIVE DOSE 
 COMMENT OR IMPROPER FORMAT FOR DATA AT LINE:          115 IN PLACES.DAT
                                                             
 -48.00000,  24.00000, 82021.0000,F,2002/01/00,   0,  2.21,TOTAL     , 1.8464E+01, 9.2006E-01,    microSv/hr, ICRP Pub. 103 EFFECTIVE DOSE 
 COMMENT OR IMPROPER FORMAT FOR DATA AT LINE:          117 IN PLACES.DAT
                                                             
 -48.00000,  32.00000, 82021.0000,F,2002/01/00,   0,  2.12,TOTAL     , 2.3748E+01, 1.2515E+00,    microSv/hr, ICRP Pub. 103 EFFECTIVE DOSE 
 COMMENT OR IMPROPER FORMAT FOR DATA AT LINE:          119 IN PLACES.DAT
                                                             
 -48.00000,  40.00000, 82021.0000,F,2002/01/00,   0,  1.99,TOTAL     , 1.9256E+01, 9.3869E-01,    microSv/hr, ICRP Pub. 103 EFFECTIVE DOSE 
 COMMENT OR IMPROPER FORMAT FOR DATA AT LINE:          121 IN PLACES.DAT
                                                             
 -48.00000,  48.00000, 82021.0000,F,2002/01/00,   0,  1.78,TOTAL     , 1.9564E+01, 9.5190E-01,    microSv/hr, ICRP Pub. 103 EFFECTIVE DOSE 
 COMMENT OR IMPROPER FORMAT FOR DATA AT LINE:          123 IN PLACES.DAT
                                                             
 -48.00000,  56.00000, 82021.0000,F,2002/01/00,   0,  1.61,TOTAL     , 1.9954E+01, 9.5937E-01,    microSv/hr, ICRP Pub. 103 EFFECTIVE DOSE 
 COMMENT OR IMPROPER FORMAT FOR DATA AT LINE:          125 IN PLACES.DAT
                                                             
 -48.00000,  64.00000, 82021.0000,F,2002/01/00,   0,  1.42,TOTAL     , 2.0312E+01, 9.6528E-01,    microSv/hr, ICRP Pub. 103 EFFECTIVE DOSE 
 COMMENT OR IMPROPER FORMAT FOR DATA AT LINE:          127 IN PLACES.DAT
                                                             
 -48.00000,  72.00000, 82021.0000,F,2002/01/00,   0,  1.23,TOTAL     , 2.0599E+01, 9.6990E-01,    microSv/hr, ICRP Pub. 103 EFFECTIVE DOSE 
 COMMENT OR IMPROPER FORMAT FOR DATA AT LINE:          129 IN PLACES.DAT
                                                             
 -48.00000,  80.00000, 82021.0000,F,2002/01/00,   0,  1.04,TOTAL     , 2.0794E+01, 9.7200E-01,    microSv/hr, ICRP Pub. 103 EFFECTIVE DOSE 
 COMMENT OR IMPROPER FORMAT FOR DATA AT LINE:          131 IN PLACES.DAT
                                                             
 -48.00000,  88.00000, 82021.0000,F,2002/01/00,   0,  0.93,TOTAL     , 2.0861E+01, 9.7239E-01,    microSv/hr, ICRP Pub. 103 EFFECTIVE DOSE 
 COMMENT OR IMPROPER FORMAT FOR DATA AT LINE:          133 IN PLACES.DAT
                                                             
 -48.00000,  96.00000, 82021.0000,F,2002/01/00,   0,  0.82,TOTAL     , 2.0902E+01, 9.7258E-01,    microSv/hr, ICRP Pub. 103 EFFECTIVE DOSE 
 COMMENT OR IMPROPER FORMAT FOR DATA AT LINE:          135 IN PLACES.DAT
                                                             
 -48.00000, 104.00000, 82021.0000,F,2002/01/00,   0,  0.75,TOTAL     , 2.0913E+01, 9.7260E-01,    microSv/hr, ICRP Pub. 103 EFFECTIVE DOSE 
 COMMENT OR IMPROPER FORMAT FOR DATA AT LINE:          137 IN PLACES.DAT
 0                                                           
 -48.00000, 112.00000, 82021.0000,F,2002/01/00,   0,  0.72,TOTAL     , 2.0917E+01, 9.7260E-01,    microSv/hr, ICRP Pub. 103 EFFECTIVE DOSE 
 COMMENT OR IMPROPER FORMAT FOR DATA AT LINE:          139 IN PLACES.DAT
 0                                                           
 -48.00000, 120.00000, 82021.0000,F,2002/01/00,   0,  0.72,TOTAL     , 2.0917E+01, 9.7260E-01,    microSv/hr, ICRP Pub. 103 EFFECTIVE DOSE 
 COMMENT OR IMPROPER FORMAT FOR DATA AT LINE:          141 IN PLACES.DAT
 0                                                           
 -48.00000, 128.00000, 82021.0000,F,2002/01/00,   0,  0.77,TOTAL     , 2.0910E+01, 9.7259E-01,    microSv/hr, ICRP Pub. 103 EFFECTIVE DOSE 
 COMMENT OR IMPROPER FORMAT FOR DATA AT LINE:          143 IN PLACES.DAT
 0                                                           
 -48.00000, 136.00000, 82021.0000,F,2002/01/00,   0,  0.86,TOTAL     , 2.0889E+01, 9.7253E-01,    microSv/hr, ICRP Pub. 103 EFFECTIVE DOSE 
 COMMENT OR IMPROPER FORMAT FOR DATA AT LINE:          145 IN PLACES.DAT
 0                                                           
 -48.00000, 144.00000, 82021.0000,F,2002/01/00,   0,  0.95,TOTAL     , 2.0848E+01, 9.7236E-01,    microSv/hr, ICRP Pub. 103 EFFECTIVE DOSE 
 COMMENT OR IMPROPER FORMAT FOR DATA AT LINE:          147 IN PLACES.DAT
 0                                                           
 -48.00000, 152.00000, 82021.0000,F,2002/01/00,   0,  1.11,TOTAL     , 2.0734E+01, 9.7132E-01,    microSv/hr, ICRP Pub. 103 EFFECTIVE DOSE 
 COMMENT OR IMPROPER FORMAT FOR DATA AT LINE:          149 IN PLACES.DAT
 0                                                           
 -48.00000, 160.00000, 82021.0000,F,2002/01/00,   0,  1.29,TOTAL     , 2.0517E+01, 9.6841E-01,    microSv/hr, ICRP Pub. 103 EFFECTIVE DOSE 
 COMMENT OR IMPROPER FORMAT FOR DATA AT LINE:          151 IN PLACES.DAT
 0                                                           
 -48.00000, 168.00000, 82021.0000,F,2002/01/00,   0,  1.53,TOTAL     , 2.0107E+01, 9.6171E-01,    microSv/hr, ICRP Pub. 103 EFFECTIVE DOSE 
 COMMENT OR IMPROPER FORMAT FOR DATA AT LINE:          153 IN PLACES.DAT
 0                                                           
 -48.00000, 176.00000, 82021.0000,F,2002/01/00,   0,  1.81,TOTAL     , 1.9498E+01, 9.4934E-01,    microSv/hr, ICRP Pub. 103 EFFECTIVE DOSE 
 COMMENT OR IMPROPER FORMAT FOR DATA AT LINE:          155 IN PLACES.DAT
 0                                                           
 -44.00000,-176.00000, 82021.0000,F,2002/01/00,   0,  3.08,TOTAL     , 1.5824E+01, 8.2453E-01,    microSv/hr, ICRP Pub. 103 EFFECTIVE DOSE 
 COMMENT OR IMPROPER FORMAT FOR DATA AT LINE:          157 IN PLACES.DAT
 0                                                           
 -44.00000,-168.00000, 82021.0000,F,2002/01/00,   0,  3.39,TOTAL     , 1.4923E+01, 7.8926E-01,    microSv/hr, ICRP Pub. 103 EFFECTIVE DOSE 
 COMMENT OR IMPROPER FORMAT FOR DATA AT LINE:          159 IN PLACES.DAT
 0                                                           
 -44.00000,-160.00000, 82021.0000,F,2002/01/00,   0,  3.98,TOTAL     , 1.3365E+01, 7.2607E-01,    microSv/hr, ICRP Pub. 103 EFFECTIVE DOSE 
 COMMENT OR IMPROPER FORMAT FOR DATA AT LINE:          161 IN PLACES.DAT
 0                                                           
 -44.00000,-152.00000, 82021.0000,F,2002/01/00,   0,  4.28,TOTAL     , 1.2665E+01, 6.9586E-01,    microSv/hr, ICRP Pub. 103 EFFECTIVE DOSE 
 COMMENT OR IMPROPER FORMAT FOR DATA AT LINE:          163 IN PLACES.DAT
 0                                                           
 -44.00000,-144.00000, 82021.0000,F,2002/01/00,   0,  4.61,TOTAL     , 1.1951E+01, 6.6400E-01,    microSv/hr, ICRP Pub. 103 EFFECTIVE DOSE 
 COMMENT OR IMPROPER FORMAT FOR DATA AT LINE:          165 IN PLACES.DAT
 0                                                           
 -44.00000,-136.00000, 82021.0000,F,2002/01/00,   0,  5.05,TOTAL     , 1.1083E+01, 6.1856E-01,    microSv/hr, ICRP Pub. 103 EFFECTIVE DOSE 
 COMMENT OR IMPROPER FORMAT FOR DATA AT LINE:          167 IN PLACES.DAT
 0                                                           
 -44.00000,-128.00000, 82021.0000,F,2002/01/00,   0,  5.66,TOTAL     , 1.0030E+01, 5.6697E-01,    microSv/hr, ICRP Pub. 103 EFFECTIVE DOSE 
 COMMENT OR IMPROPER FORMAT FOR DATA AT LINE:          169 IN PLACES.DAT
 0                                                           
 -44.00000,-120.00000, 82021.0000,F,2002/01/00,   0,  6.48,TOTAL     , 8.8761E+00, 5.1451E-01,    microSv/hr, ICRP Pub. 103 EFFECTIVE DOSE 
 COMMENT OR IMPROPER FORMAT FOR DATA AT LINE:          171 IN PLACES.DAT
 0                                                           
 -44.00000,-112.00000, 82021.0000,F,2002/01/00,   0,  7.44,TOTAL     , 7.7801E+00, 4.5948E-01,    microSv/hr, ICRP Pub. 103 EFFECTIVE DOSE 
 COMMENT OR IMPROPER FORMAT FOR DATA AT LINE:          173 IN PLACES.DAT
 0                                                           
 -44.00000,-104.00000, 82021.0000,F,2002/01/00,   0,  8.04,TOTAL     , 7.3050E+00, 4.2310E-01,    microSv/hr, ICRP Pub. 103 EFFECTIVE DOSE 
 COMMENT OR IMPROPER FORMAT FOR DATA AT LINE:          175 IN PLACES.DAT
 0                                                           
 -44.00000, -96.00000, 82021.0000,F,2002/01/00,   0,  8.65,TOTAL     , 6.6993E+00, 3.9447E-01,    microSv/hr, ICRP Pub. 103 EFFECTIVE DOSE 
 COMMENT OR IMPROPER FORMAT FOR DATA AT LINE:          177 IN PLACES.DAT
                                                             
 -44.00000, -88.00000, 82021.0000,F,2002/01/00,   0,  8.62,TOTAL     , 6.7193E+00, 3.9594E-01,    microSv/hr, ICRP Pub. 103 EFFECTIVE DOSE 
 COMMENT OR IMPROPER FORMAT FOR DATA AT LINE:          179 IN PLACES.DAT
                                                             
 -44.00000, -80.00000, 82021.0000,F,2002/01/00,   0,  8.28,TOTAL     , 6.9936E+00, 4.1510E-01,    microSv/hr, ICRP Pub. 103 EFFECTIVE DOSE 
 COMMENT OR IMPROPER FORMAT FOR DATA AT LINE:          181 IN PLACES.DAT
                                                             
 -44.00000, -72.00000, 82021.0000,F,2002/01/00,   0,  7.87,TOTAL     , 7.6137E+00, 4.3334E-01,    microSv/hr, ICRP Pub. 103 EFFECTIVE DOSE 
 COMMENT OR IMPROPER FORMAT FOR DATA AT LINE:          183 IN PLACES.DAT
                                                             
 -44.00000, -64.00000, 82021.0000,F,2002/01/00,   0,  7.39,TOTAL     , 7.8720E+00, 4.6281E-01,    microSv/hr, ICRP Pub. 103 EFFECTIVE DOSE 
 COMMENT OR IMPROPER FORMAT FOR DATA AT LINE:          185 IN PLACES.DAT
                                                             
 -44.00000, -56.00000, 82021.0000,F,2002/01/00,   0,  6.97,TOTAL     , 8.2996E+00, 4.7908E-01,    microSv/hr, ICRP Pub. 103 EFFECTIVE DOSE 
 COMMENT OR IMPROPER FORMAT FOR DATA AT LINE:          187 IN PLACES.DAT
                                                             
 -44.00000, -48.00000, 82021.0000,F,2002/01/00,   0,  6.32,TOTAL     , 9.0887E+00, 5.2029E-01,    microSv/hr, ICRP Pub. 103 EFFECTIVE DOSE 
 COMMENT OR IMPROPER FORMAT FOR DATA AT LINE:          189 IN PLACES.DAT
                                                             
 -44.00000, -40.00000, 82021.0000,F,2002/01/00,   0,  5.62,TOTAL     , 1.0100E+01, 5.6972E-01,    microSv/hr, ICRP Pub. 103 EFFECTIVE DOSE 
 COMMENT OR IMPROPER FORMAT FOR DATA AT LINE:          191 IN PLACES.DAT
                                                             
 -44.00000, -32.00000, 82021.0000,F,2002/01/00,   0,  4.82,TOTAL     , 1.1628E+01, 6.4412E-01,    microSv/hr, ICRP Pub. 103 EFFECTIVE DOSE 
 COMMENT OR IMPROPER FORMAT FOR DATA AT LINE:          193 IN PLACES.DAT
                                                             
 -44.00000, -24.00000, 82021.0000,F,2002/01/00,   0,  4.24,TOTAL     , 1.2759E+01, 6.9919E-01,    microSv/hr, ICRP Pub. 103 EFFECTIVE DOSE 
 COMMENT OR IMPROPER FORMAT FOR DATA AT LINE:          195 IN PLACES.DAT
                                                             
 -44.00000, -16.00000, 82021.0000,F,2002/01/00,   0,  3.77,TOTAL     , 1.4685E+01, 7.5727E-01,    microSv/hr, ICRP Pub. 103 EFFECTIVE DOSE 
 COMMENT OR IMPROPER FORMAT FOR DATA AT LINE:          197 IN PLACES.DAT
                                                             
 -44.00000,  -8.00000, 82021.0000,F,2002/01/00,   0,  3.41,TOTAL     , 1.4874E+01, 7.8689E-01,    microSv/hr, ICRP Pub. 103 EFFECTIVE DOSE 
 -44.00000,   0.00000, 82021.0000,F,2002/01/00,   0,  3.22,TOTAL     , 1.5406E+01, 8.1300E-01,    microSv/hr, ICRP Pub. 103 EFFECTIVE DOSE 
 -44.00000,   8.00000, 82021.0000,F,2002/01/00,   0,  2.99,TOTAL     , 1.6080E+01, 8.3875E-01,    microSv/hr, ICRP Pub. 103 EFFECTIVE DOSE 
 -44.00000,  16.00000, 82021.0000,F,2002/01/00,   0,  2.88,TOTAL     , 1.6442E+01, 8.4999E-01,    microSv/hr, ICRP Pub. 103 EFFECTIVE DOSE 
 COMMENT OR IMPROPER FORMAT FOR DATA AT LINE:          202 IN PLACES.DAT
                                                             
 -44.00000,  24.00000, 82021.0000,F,2002/01/00,   0,  2.81,TOTAL     , 1.6641E+01, 8.5586E-01,    microSv/hr, ICRP Pub. 103 EFFECTIVE DOSE 
 COMMENT OR IMPROPER FORMAT FOR DATA AT LINE:          204 IN PLACES.DAT
                                                             
 -44.00000,  32.00000, 82021.0000,F,2002/01/00,   0,  2.66,TOTAL     , 1.7116E+01, 8.7782E-01,    microSv/hr, ICRP Pub. 103 EFFECTIVE DOSE 
 COMMENT OR IMPROPER FORMAT FOR DATA AT LINE:          206 IN PLACES.DAT
                                                             
 -44.00000,  40.00000, 82021.0000,F,2002/01/00,   0,  2.52,TOTAL     , 1.7554E+01, 8.9035E-01,    microSv/hr, ICRP Pub. 103 EFFECTIVE DOSE 
 COMMENT OR IMPROPER FORMAT FOR DATA AT LINE:          208 IN PLACES.DAT
                                                             
 -44.00000,  48.00000, 82021.0000,F,2002/01/00,   0,  2.42,TOTAL     , 1.7841E+01, 9.0141E-01,    microSv/hr, ICRP Pub. 103 EFFECTIVE DOSE 
 COMMENT OR IMPROPER FORMAT FOR DATA AT LINE:          210 IN PLACES.DAT
                                                             
 -44.00000,  56.00000, 82021.0000,F,2002/01/00,   0,  2.28,TOTAL     , 1.8258E+01, 9.1489E-01,    microSv/hr, ICRP Pub. 103 EFFECTIVE DOSE 
 COMMENT OR IMPROPER FORMAT FOR DATA AT LINE:          212 IN PLACES.DAT
                                                             
 -44.00000,  64.00000, 82021.0000,F,2002/01/00,   0,  2.00,TOTAL     , 1.9265E+01, 9.3783E-01,    microSv/hr, ICRP Pub. 103 EFFECTIVE DOSE 
 COMMENT OR IMPROPER FORMAT FOR DATA AT LINE:          214 IN PLACES.DAT
                                                             
 -44.00000,  72.00000, 82021.0000,F,2002/01/00,   0,  1.82,TOTAL     , 1.9489E+01, 9.4903E-01,    microSv/hr, ICRP Pub. 103 EFFECTIVE DOSE 
 COMMENT OR IMPROPER FORMAT FOR DATA AT LINE:          216 IN PLACES.DAT
                                                             
 -44.00000,  80.00000, 82021.0000,F,2002/01/00,   0,  1.59,TOTAL     , 1.9984E+01, 9.5960E-01,    microSv/hr, ICRP Pub. 103 EFFECTIVE DOSE 
 COMMENT OR IMPROPER FORMAT FOR DATA AT LINE:          218 IN PLACES.DAT
                                                             
 -44.00000,  88.00000, 82021.0000,F,2002/01/00,   0,  1.45,TOTAL     , 2.0273E+01, 9.6478E-01,    microSv/hr, ICRP Pub. 103 EFFECTIVE DOSE 
 COMMENT OR IMPROPER FORMAT FOR DATA AT LINE:          220 IN PLACES.DAT
                                                             
 -44.00000,  96.00000, 82021.0000,F,2002/01/00,   0,  1.39,TOTAL     , 2.0377E+01, 9.6646E-01,    microSv/hr, ICRP Pub. 103 EFFECTIVE DOSE 
 COMMENT OR IMPROPER FORMAT FOR DATA AT LINE:          222 IN PLACES.DAT
                                                             
 -44.00000, 104.00000, 82021.0000,F,2002/01/00,   0,  1.29,TOTAL     , 2.0528E+01, 9.6856E-01,    microSv/hr, ICRP Pub. 103 EFFECTIVE DOSE 
 COMMENT OR IMPROPER FORMAT FOR DATA AT LINE:          224 IN PLACES.DAT
 0                                                           
 -44.00000, 112.00000, 82021.0000,F,2002/01/00,   0,  1.24,TOTAL     , 2.0586E+01, 9.6972E-01,    microSv/hr, ICRP Pub. 103 EFFECTIVE DOSE 
 COMMENT OR IMPROPER FORMAT FOR DATA AT LINE:          226 IN PLACES.DAT
 0                                                           
 -44.00000, 120.00000, 82021.0000,F,2002/01/00,   0,  1.29,TOTAL     , 2.0525E+01, 9.6852E-01,    microSv/hr, ICRP Pub. 103 EFFECTIVE DOSE 
 COMMENT OR IMPROPER FORMAT FOR DATA AT LINE:          228 IN PLACES.DAT
 0                                                           
 -44.00000, 128.00000, 82021.0000,F,2002/01/00,   0,  1.35,TOTAL     , 2.0438E+01, 9.6773E-01,    microSv/hr, ICRP Pub. 103 EFFECTIVE DOSE 
 COMMENT OR IMPROPER FORMAT FOR DATA AT LINE:          230 IN PLACES.DAT
 0                                                           
 -44.00000, 136.00000, 82021.0000,F,2002/01/00,   0,  1.43,TOTAL     , 2.0305E+01, 9.6517E-01,    microSv/hr, ICRP Pub. 103 EFFECTIVE DOSE 
 COMMENT OR IMPROPER FORMAT FOR DATA AT LINE:          232 IN PLACES.DAT
 0                                                           
 -44.00000, 144.00000, 82021.0000,F,2002/01/00,   0,  1.60,TOTAL     , 1.9971E+01, 9.5949E-01,    microSv/hr, ICRP Pub. 103 EFFECTIVE DOSE 
 COMMENT OR IMPROPER FORMAT FOR DATA AT LINE:          234 IN PLACES.DAT
 0                                                           
 -44.00000, 152.00000, 82021.0000,F,2002/01/00,   0,  1.78,TOTAL     , 1.9582E+01, 9.5243E-01,    microSv/hr, ICRP Pub. 103 EFFECTIVE DOSE 
 COMMENT OR IMPROPER FORMAT FOR DATA AT LINE:          236 IN PLACES.DAT
 0                                                           
 -44.00000, 160.00000, 82021.0000,F,2002/01/00,   0,  2.04,TOTAL     , 1.8938E+01, 9.3438E-01,    microSv/hr, ICRP Pub. 103 EFFECTIVE DOSE 
 COMMENT OR IMPROPER FORMAT FOR DATA AT LINE:          238 IN PLACES.DAT
 0                                                           
 -44.00000, 168.00000, 82021.0000,F,2002/01/00,   0,  2.36,TOTAL     , 1.8033E+01, 9.0674E-01,    microSv/hr, ICRP Pub. 103 EFFECTIVE DOSE 
 COMMENT OR IMPROPER FORMAT FOR DATA AT LINE:          240 IN PLACES.DAT
 0                                                           
 -44.00000, 176.00000, 82021.0000,F,2002/01/00,   0,  2.70,TOTAL     , 1.7004E+01, 8.7438E-01,    microSv/hr, ICRP Pub. 103 EFFECTIVE DOSE 
 COMMENT OR IMPROPER FORMAT FOR DATA AT LINE:          242 IN PLACES.DAT
 0                                                           
 -40.00000,-176.00000, 82021.0000,F,2002/01/00,   0,  4.30,TOTAL     , 1.2620E+01, 6.9451E-01,    microSv/hr, ICRP Pub. 103 EFFECTIVE DOSE 
 COMMENT OR IMPROPER FORMAT FOR DATA AT LINE:          244 IN PLACES.DAT
 0                                                           
 -40.00000,-168.00000, 82021.0000,F,2002/01/00,   0,  4.59,TOTAL     , 1.1981E+01, 6.6467E-01,    microSv/hr, ICRP Pub. 103 EFFECTIVE DOSE 
 COMMENT OR IMPROPER FORMAT FOR DATA AT LINE:          246 IN PLACES.DAT
 0                                                           
 -40.00000,-160.00000, 82021.0000,F,2002/01/00,   0,  4.83,TOTAL     , 1.1495E+01, 6.4193E-01,    microSv/hr, ICRP Pub. 103 EFFECTIVE DOSE 
 COMMENT OR IMPROPER FORMAT FOR DATA AT LINE:          248 IN PLACES.DAT
 0                                                           
 -40.00000,-152.00000, 82021.0000,F,2002/01/00,   0,  5.31,TOTAL     , 1.0601E+01, 6.0270E-01,    microSv/hr, ICRP Pub. 103 EFFECTIVE DOSE 
 COMMENT OR IMPROPER FORMAT FOR DATA AT LINE:          250 IN PLACES.DAT
 0                                                           
 -40.00000,-144.00000, 82021.0000,F,2002/01/00,   0,  5.84,TOTAL     , 9.7480E+00, 5.6087E-01,    microSv/hr, ICRP Pub. 103 EFFECTIVE DOSE 
 COMMENT OR IMPROPER FORMAT FOR DATA AT LINE:          252 IN PLACES.DAT
 0                                                           
 -40.00000,-136.00000, 82021.0000,F,2002/01/00,   0,  6.51,TOTAL     , 8.8390E+00, 5.1400E-01,    microSv/hr, ICRP Pub. 103 EFFECTIVE DOSE 
 COMMENT OR IMPROPER FORMAT FOR DATA AT LINE:          254 IN PLACES.DAT
 0                                                           
 -40.00000,-128.00000, 82021.0000,F,2002/01/00,   0,  7.47,TOTAL     , 7.7463E+00, 4.5704E-01,    microSv/hr, ICRP Pub. 103 EFFECTIVE DOSE 
 COMMENT OR IMPROPER FORMAT FOR DATA AT LINE:          256 IN PLACES.DAT
 0                                                           
 -40.00000,-120.00000, 82021.0000,F,2002/01/00,   0,  8.08,TOTAL     , 7.1711E+00, 4.2111E-01,    microSv/hr, ICRP Pub. 103 EFFECTIVE DOSE 
 COMMENT OR IMPROPER FORMAT FOR DATA AT LINE:          258 IN PLACES.DAT
 0                                                           
 -40.00000,-112.00000, 82021.0000,F,2002/01/00,   0,  8.81,TOTAL     , 6.5503E+00, 3.8510E-01,    microSv/hr, ICRP Pub. 103 EFFECTIVE DOSE 
 COMMENT OR IMPROPER FORMAT FOR DATA AT LINE:          260 IN PLACES.DAT
 0                                                           
 -40.00000,-104.00000, 82021.0000,F,2002/01/00,   0,  9.58,TOTAL     , 5.8799E+00, 3.4835E-01,    microSv/hr, ICRP Pub. 103 EFFECTIVE DOSE 
 COMMENT OR IMPROPER FORMAT FOR DATA AT LINE:          262 IN PLACES.DAT
 0                                                           
 -40.00000, -96.00000, 82021.0000,F,2002/01/00,   0,  9.63,TOTAL     , 5.8385E+00, 3.4556E-01,    microSv/hr, ICRP Pub. 103 EFFECTIVE DOSE 
 COMMENT OR IMPROPER FORMAT FOR DATA AT LINE:          264 IN PLACES.DAT
                                                             
 -40.00000, -88.00000, 82021.0000,F,2002/01/00,   0,  9.40,TOTAL     , 6.0193E+00, 3.5941E-01,    microSv/hr, ICRP Pub. 103 EFFECTIVE DOSE 
 COMMENT OR IMPROPER FORMAT FOR DATA AT LINE:          266 IN PLACES.DAT
                                                             
 -40.00000, -80.00000, 82021.0000,F,2002/01/00,   0,  9.11,TOTAL     , 6.2642E+00, 3.7494E-01,    microSv/hr, ICRP Pub. 103 EFFECTIVE DOSE 
 COMMENT OR IMPROPER FORMAT FOR DATA AT LINE:          268 IN PLACES.DAT
                                                             
 -40.00000, -72.00000, 82021.0000,F,2002/01/00,   0,  8.68,TOTAL     , 6.6706E+00, 3.9244E-01,    microSv/hr, ICRP Pub. 103 EFFECTIVE DOSE 
 COMMENT OR IMPROPER FORMAT FOR DATA AT LINE:          270 IN PLACES.DAT
                                                             
 -40.00000, -64.00000, 82021.0000,F,2002/01/00,   0,  8.09,TOTAL     , 7.1573E+00, 4.2074E-01,    microSv/hr, ICRP Pub. 103 EFFECTIVE DOSE 
 COMMENT OR IMPROPER FORMAT FOR DATA AT LINE:          272 IN PLACES.DAT
                                                             
